<html>
<body>
<pre>
<h1>µVision Build Log</h1>
<h2>Project:</h2>
E:\Mywork\ARM\STM32F4x7\STM32F4x7VGT6-DK-A-CD\Code\STM32_USB-Host-Device_Lib_V2.1.0\Project\USB_Device_Examples\DFU\binary_template\MDK-ARM\binary_template.uvproj
Project File Date:  04/11/2012

<h2>Output:</h2>
Build target 'STM324xG-EVAL'
compiling app.c...
compiling stm32fxxx_it.c...
compiling misc.c...
compiling lcd_log.c...
compiling system_stm32f4xx.c...
assembling startup_stm32f4xx.s...
compiling stm32f4xx_tim.c...
compiling stm32f4xx_dma.c...
compiling stm32f4xx_exti.c...
compiling stm32f4xx_flash.c...
compiling stm32f4xx_fsmc.c...
compiling stm32f4xx_gpio.c...
compiling stm32f4xx_rcc.c...
compiling stm32f4xx_syscfg.c...
compiling stm32f4xx_usart.c...
compiling stm32f4xx_i2c.c...
compiling stm32f4xx_sdio.c...
compiling stm32f4xx_spi.c...
compiling stm324xg_eval_lcd.c...
compiling stm324xg_eval.c...
linking...
Program Size: Code=3368 RO-data=9684 RW-data=124 ZI-data=1492  
FromELF: creating hex file...
".\STM324xG-EVAL\STM324xG-EVAL.axf" - 0 Error(s), 0 Warning(s).
Clean started: Project: 'binary_template'
   deleting intermediate output files for target 'STM3210C-EVAL'
   deleting intermediate output files for target 'STM322xG-EVAL'
   deleting intermediate output files for target 'STM324xG-EVAL'
Clean started: Project: 'binary_template'
   deleting intermediate output files for target 'STM3210C-EVAL'
   deleting intermediate output files for target 'STM322xG-EVAL'
   deleting intermediate output files for target 'STM324xG-EVAL'
