<html>
<body>
<pre>
<h1>µVision Build Log</h1>
<h2>Project:</h2>
E:\Mywork\ARM\STM32F4x7\STM32F4x7VGT6-DK-A-CD\Code\STM32_USB-Host-Device_Lib_V2.1.0\Project\USB_Host_Examples\MSC\MDK-ARM\USBH_MSC.uvproj
Project File Date:  04/12/2012

<h2>Output:</h2>
compiling usbh_usr.c...
..\src\usbh_usr.c(450): warning:  #177-D: variable "key" was declared but never referenced
..\src\usbh_usr.c - 0 Error(s), 1 Warning(s).
compiling usbh_usr.c...
..\src\usbh_usr.c(450): warning:  #177-D: variable "key" was declared but never referenced
..\src\usbh_usr.c(686): error:  #20: identifier "key" is undefined
..\src\usbh_usr.c - 1 Error(s), 1 Warning(s).
compiling usbh_usr.c...
..\src\usbh_usr.c - 0 Error(s), 0 Warning(s).
Build target 'STM324xG-EVAL_USBH-FS'
linking...
Program Size: Code=25294 RO-data=10198 RW-data=280 ZI-data=6032  
".\STM324xG-EVAL\STM324xG-EVAL_FS.axf" - 0 Error(s), 0 Warning(s).
Build target 'STM324xG-EVAL_USBH-FS'
linking...
Program Size: Code=25294 RO-data=10198 RW-data=280 ZI-data=6032  
".\STM324xG-EVAL\STM324xG-EVAL_FS.axf" - 0 Error(s), 0 Warning(s).
Load "E:\\Mywork\\ARM\\STM32F4x7\\STM32F4x7VGT6-DK-A-CD\\Code\\STM32_USB-Host-Device_Lib_V2.1.0\\Project\\USB_Host_Examples\\MSC\\MDK-ARM\\STM324xG-EVAL\\STM324xG-EVAL_FS.AXF" 
* JLink Info: Device "STM32F407IG" selected (1024 KB flash, 128 KB RAM).
Set JLink Project File to "E:\Mywork\ARM\STM32F4x7\STM32F4x7VGT6-DK-A-CD\Code\STM32_USB-Host-Device_Lib_V2.1.0\Project\USB_Host_Examples\MSC\MDK-ARM\JLinkSettings.ini"
 
JLink info:
------------
DLL: V4.36l, compiled Dec  2 2011 18:52:36
Firmware: J-Link ARM V8 compiled Sep 22 2011 16:23:23
Hardware: V8.00
S/N : 20100214 
Feature(s) : RDI,FlashDL,FlashBP,JFlash,GDBFull 
 
* JLink Info: TotalIRLen = 9, IRPrint = 0x0011
* JLink Info: Found Cortex-M4 r0p1, Little endian.
* JLink Info: TPIU fitted.
* JLink Info: ETM fitted.
* JLink Info:   FPUnit: 6 code (BP) slots and 2 literal slots
ROMTableAddr = 0xE00FF003
* JLink Info: TotalIRLen = 9, IRPrint = 0x0011
* JLink Info: Found Cortex-M4 r0p1, Little endian.
* JLink Info: TPIU fitted.
* JLink Info: ETM fitted.
* JLink Info:   FPUnit: 6 code (BP) slots and 2 literal slots
* JLink Info: Found Cortex-M4 r0p1, Little endian.
* JLink Info: TPIU fitted.
* JLink Info: ETM fitted.
* JLink Info:   FPUnit: 6 code (BP) slots and 2 literal slots
 
Target info:
------------
Device: STM32F407IG
VTarget = 3.267V
State of Pins: 
TCK: 1, TDI: 0, TDO: 1, TMS: 0, TRES: 1, TRST: 1
Hardware-Breakpoints: 6
Software-Breakpoints: 8192
Watchpoints:          4
JTAG speed: 2000 kHz
 
Erase Done.
Programming Done.
Verify OK.
* JLink Info: TotalIRLen = 9, IRPrint = 0x0011
* JLink Info: Found Cortex-M4 r0p1, Little endian.
* JLink Info: TPIU fitted.
* JLink Info: ETM fitted.
* JLink Info:   FPUnit: 6 code (BP) slots and 2 literal slots
* JLink Info: Found Cortex-M4 r0p1, Little endian.
* JLink Info: TPIU fitted.
* JLink Info: ETM fitted.
* JLink Info:   FPUnit: 6 code (BP) slots and 2 literal slots
Application running ...
Build target 'STM324xG-EVAL_USBH-FS'
compiling usbh_usr.c...
..\src\usbh_usr.c(411): warning:  #177-D: variable "key" was declared but never referenced
linking...
Program Size: Code=25306 RO-data=10198 RW-data=280 ZI-data=6032  
".\STM324xG-EVAL\STM324xG-EVAL_FS.axf" - 0 Error(s), 1 Warning(s).
Build target 'STM324xG-EVAL_USBH-FS'
compiling usbh_usr.c...
linking...
Program Size: Code=25306 RO-data=10198 RW-data=280 ZI-data=6032  
".\STM324xG-EVAL\STM324xG-EVAL_FS.axf" - 0 Error(s), 0 Warning(s).
Load "E:\\Mywork\\ARM\\STM32F4x7\\STM32F4x7VGT6-DK-A-CD\\Code\\STM32_USB-Host-Device_Lib_V2.1.0\\Project\\USB_Host_Examples\\MSC\\MDK-ARM\\STM324xG-EVAL\\STM324xG-EVAL_FS.AXF" 
* JLink Info: Device "STM32F407IG" selected (1024 KB flash, 128 KB RAM).
Set JLink Project File to "E:\Mywork\ARM\STM32F4x7\STM32F4x7VGT6-DK-A-CD\Code\STM32_USB-Host-Device_Lib_V2.1.0\Project\USB_Host_Examples\MSC\MDK-ARM\JLinkSettings.ini"
 
JLink info:
------------
DLL: V4.36l, compiled Dec  2 2011 18:52:36
Firmware: J-Link ARM V8 compiled Sep 22 2011 16:23:23
Hardware: V8.00
S/N : 20100214 
Feature(s) : RDI,FlashDL,FlashBP,JFlash,GDBFull 
 
* JLink Info: TotalIRLen = 9, IRPrint = 0x0011
* JLink Info: Found Cortex-M4 r0p1, Little endian.
* JLink Info: TPIU fitted.
* JLink Info: ETM fitted.
* JLink Info:   FPUnit: 6 code (BP) slots and 2 literal slots
ROMTableAddr = 0xE00FF003
* JLink Info: TotalIRLen = 9, IRPrint = 0x0011
* JLink Info: Found Cortex-M4 r0p1, Little endian.
* JLink Info: TPIU fitted.
* JLink Info: ETM fitted.
* JLink Info:   FPUnit: 6 code (BP) slots and 2 literal slots
* JLink Info: Found Cortex-M4 r0p1, Little endian.
* JLink Info: TPIU fitted.
* JLink Info: ETM fitted.
* JLink Info:   FPUnit: 6 code (BP) slots and 2 literal slots
 
Target info:
------------
Device: STM32F407IG
VTarget = 3.267V
State of Pins: 
TCK: 1, TDI: 0, TDO: 1, TMS: 0, TRES: 1, TRST: 1
Hardware-Breakpoints: 6
Software-Breakpoints: 8192
Watchpoints:          4
JTAG speed: 2000 kHz
 
Erase Done.
Programming Done.
Verify OK.
* JLink Info: TotalIRLen = 9, IRPrint = 0x0011
* JLink Info: Found Cortex-M4 r0p1, Little endian.
* JLink Info: TPIU fitted.
* JLink Info: ETM fitted.
* JLink Info:   FPUnit: 6 code (BP) slots and 2 literal slots
* JLink Info: Found Cortex-M4 r0p1, Little endian.
* JLink Info: TPIU fitted.
* JLink Info: ETM fitted.
* JLink Info:   FPUnit: 6 code (BP) slots and 2 literal slots
Application running ...
Build target 'STM324xG-EVAL_USBH-FS'
compiling usbh_usr.c...
linking...
Program Size: Code=25298 RO-data=10198 RW-data=280 ZI-data=6032  
".\STM324xG-EVAL\STM324xG-EVAL_FS.axf" - 0 Error(s), 0 Warning(s).
Load "E:\\Mywork\\ARM\\STM32F4x7\\STM32F4x7VGT6-DK-A-CD\\Code\\STM32_USB-Host-Device_Lib_V2.1.0\\Project\\USB_Host_Examples\\MSC\\MDK-ARM\\STM324xG-EVAL\\STM324xG-EVAL_FS.AXF" 
* JLink Info: Device "STM32F407IG" selected (1024 KB flash, 128 KB RAM).
Set JLink Project File to "E:\Mywork\ARM\STM32F4x7\STM32F4x7VGT6-DK-A-CD\Code\STM32_USB-Host-Device_Lib_V2.1.0\Project\USB_Host_Examples\MSC\MDK-ARM\JLinkSettings.ini"
 
JLink info:
------------
DLL: V4.36l, compiled Dec  2 2011 18:52:36
Firmware: J-Link ARM V8 compiled Sep 22 2011 16:23:23
Hardware: V8.00
S/N : 20100214 
Feature(s) : RDI,FlashDL,FlashBP,JFlash,GDBFull 
 
* JLink Info: TotalIRLen = 9, IRPrint = 0x0011
* JLink Info: Found Cortex-M4 r0p1, Little endian.
* JLink Info: TPIU fitted.
* JLink Info: ETM fitted.
* JLink Info:   FPUnit: 6 code (BP) slots and 2 literal slots
ROMTableAddr = 0xE00FF003
* JLink Info: TotalIRLen = 9, IRPrint = 0x0011
* JLink Info: Found Cortex-M4 r0p1, Little endian.
* JLink Info: TPIU fitted.
* JLink Info: ETM fitted.
* JLink Info:   FPUnit: 6 code (BP) slots and 2 literal slots
* JLink Info: Found Cortex-M4 r0p1, Little endian.
* JLink Info: TPIU fitted.
* JLink Info: ETM fitted.
* JLink Info:   FPUnit: 6 code (BP) slots and 2 literal slots
 
Target info:
------------
Device: STM32F407IG
VTarget = 3.267V
State of Pins: 
TCK: 1, TDI: 0, TDO: 1, TMS: 0, TRES: 1, TRST: 1
Hardware-Breakpoints: 6
Software-Breakpoints: 8192
Watchpoints:          4
JTAG speed: 2000 kHz
 
Erase Done.
Programming Done.
Verify OK.
* JLink Info: TotalIRLen = 9, IRPrint = 0x0011
* JLink Info: Found Cortex-M4 r0p1, Little endian.
* JLink Info: TPIU fitted.
* JLink Info: ETM fitted.
* JLink Info:   FPUnit: 6 code (BP) slots and 2 literal slots
* JLink Info: Found Cortex-M4 r0p1, Little endian.
* JLink Info: TPIU fitted.
* JLink Info: ETM fitted.
* JLink Info:   FPUnit: 6 code (BP) slots and 2 literal slots
Application running ...
Build target 'STM324xG-EVAL_USBH-FS'
compiling usbh_usr.c...
linking...
Program Size: Code=25282 RO-data=10198 RW-data=280 ZI-data=6032  
".\STM324xG-EVAL\STM324xG-EVAL_FS.axf" - 0 Error(s), 0 Warning(s).
Load "E:\\Mywork\\ARM\\STM32F4x7\\STM32F4x7VGT6-DK-A-CD\\Code\\STM32_USB-Host-Device_Lib_V2.1.0\\Project\\USB_Host_Examples\\MSC\\MDK-ARM\\STM324xG-EVAL\\STM324xG-EVAL_FS.AXF" 
* JLink Info: Device "STM32F407IG" selected (1024 KB flash, 128 KB RAM).
Set JLink Project File to "E:\Mywork\ARM\STM32F4x7\STM32F4x7VGT6-DK-A-CD\Code\STM32_USB-Host-Device_Lib_V2.1.0\Project\USB_Host_Examples\MSC\MDK-ARM\JLinkSettings.ini"
 
JLink info:
------------
DLL: V4.36l, compiled Dec  2 2011 18:52:36
Firmware: J-Link ARM V8 compiled Sep 22 2011 16:23:23
Hardware: V8.00
S/N : 20100214 
Feature(s) : RDI,FlashDL,FlashBP,JFlash,GDBFull 
 
* JLink Info: TotalIRLen = 9, IRPrint = 0x0011
* JLink Info: Found Cortex-M4 r0p1, Little endian.
* JLink Info: TPIU fitted.
* JLink Info: ETM fitted.
* JLink Info:   FPUnit: 6 code (BP) slots and 2 literal slots
ROMTableAddr = 0xE00FF003
* JLink Info: TotalIRLen = 9, IRPrint = 0x0011
* JLink Info: Found Cortex-M4 r0p1, Little endian.
* JLink Info: TPIU fitted.
* JLink Info: ETM fitted.
* JLink Info:   FPUnit: 6 code (BP) slots and 2 literal slots
* JLink Info: Found Cortex-M4 r0p1, Little endian.
* JLink Info: TPIU fitted.
* JLink Info: ETM fitted.
* JLink Info:   FPUnit: 6 code (BP) slots and 2 literal slots
 
Target info:
------------
Device: STM32F407IG
VTarget = 3.267V
State of Pins: 
TCK: 1, TDI: 0, TDO: 1, TMS: 0, TRES: 1, TRST: 1
Hardware-Breakpoints: 6
Software-Breakpoints: 8192
Watchpoints:          4
JTAG speed: 2000 kHz
 
Erase Done.
Programming Done.
Verify OK.
* JLink Info: TotalIRLen = 9, IRPrint = 0x0011
* JLink Info: Found Cortex-M4 r0p1, Little endian.
* JLink Info: TPIU fitted.
* JLink Info: ETM fitted.
* JLink Info:   FPUnit: 6 code (BP) slots and 2 literal slots
* JLink Info: Found Cortex-M4 r0p1, Little endian.
* JLink Info: TPIU fitted.
* JLink Info: ETM fitted.
* JLink Info:   FPUnit: 6 code (BP) slots and 2 literal slots
Application running ...
Build target 'STM324xG-EVAL_USBH-FS'
compiling usbh_usr.c...
linking...
Program Size: Code=25238 RO-data=10198 RW-data=280 ZI-data=6032  
".\STM324xG-EVAL\STM324xG-EVAL_FS.axf" - 0 Error(s), 0 Warning(s).
Load "E:\\Mywork\\ARM\\STM32F4x7\\STM32F4x7VGT6-DK-A-CD\\Code\\STM32_USB-Host-Device_Lib_V2.1.0\\Project\\USB_Host_Examples\\MSC\\MDK-ARM\\STM324xG-EVAL\\STM324xG-EVAL_FS.AXF" 
* JLink Info: Device "STM32F407IG" selected (1024 KB flash, 128 KB RAM).
Set JLink Project File to "E:\Mywork\ARM\STM32F4x7\STM32F4x7VGT6-DK-A-CD\Code\STM32_USB-Host-Device_Lib_V2.1.0\Project\USB_Host_Examples\MSC\MDK-ARM\JLinkSettings.ini"
 
JLink info:
------------
DLL: V4.36l, compiled Dec  2 2011 18:52:36
Firmware: J-Link ARM V8 compiled Sep 22 2011 16:23:23
Hardware: V8.00
S/N : 20100214 
Feature(s) : RDI,FlashDL,FlashBP,JFlash,GDBFull 
 
* JLink Info: TotalIRLen = 9, IRPrint = 0x0011
* JLink Info: Found Cortex-M4 r0p1, Little endian.
* JLink Info: TPIU fitted.
* JLink Info: ETM fitted.
* JLink Info:   FPUnit: 6 code (BP) slots and 2 literal slots
ROMTableAddr = 0xE00FF003
* JLink Info: TotalIRLen = 9, IRPrint = 0x0011
* JLink Info: Found Cortex-M4 r0p1, Little endian.
* JLink Info: TPIU fitted.
* JLink Info: ETM fitted.
* JLink Info:   FPUnit: 6 code (BP) slots and 2 literal slots
* JLink Info: Found Cortex-M4 r0p1, Little endian.
* JLink Info: TPIU fitted.
* JLink Info: ETM fitted.
* JLink Info:   FPUnit: 6 code (BP) slots and 2 literal slots
 
Target info:
------------
Device: STM32F407IG
VTarget = 3.267V
State of Pins: 
TCK: 1, TDI: 0, TDO: 1, TMS: 0, TRES: 1, TRST: 1
Hardware-Breakpoints: 6
Software-Breakpoints: 8192
Watchpoints:          4
JTAG speed: 2000 kHz
 
Erase Done.
Programming Done.
Verify OK.
* JLink Info: TotalIRLen = 9, IRPrint = 0x0011
* JLink Info: Found Cortex-M4 r0p1, Little endian.
* JLink Info: TPIU fitted.
* JLink Info: ETM fitted.
* JLink Info:   FPUnit: 6 code (BP) slots and 2 literal slots
* JLink Info: Found Cortex-M4 r0p1, Little endian.
* JLink Info: TPIU fitted.
* JLink Info: ETM fitted.
* JLink Info:   FPUnit: 6 code (BP) slots and 2 literal slots
Application running ...
Build target 'STM324xG-EVAL_USBH-FS'
compiling usbh_usr.c...
linking...
Program Size: Code=25242 RO-data=10198 RW-data=280 ZI-data=6032  
".\STM324xG-EVAL\STM324xG-EVAL_FS.axf" - 0 Error(s), 0 Warning(s).
Load "E:\\Mywork\\ARM\\STM32F4x7\\STM32F4x7VGT6-DK-A-CD\\Code\\STM32_USB-Host-Device_Lib_V2.1.0\\Project\\USB_Host_Examples\\MSC\\MDK-ARM\\STM324xG-EVAL\\STM324xG-EVAL_FS.AXF" 
* JLink Info: Device "STM32F407IG" selected (1024 KB flash, 128 KB RAM).
Set JLink Project File to "E:\Mywork\ARM\STM32F4x7\STM32F4x7VGT6-DK-A-CD\Code\STM32_USB-Host-Device_Lib_V2.1.0\Project\USB_Host_Examples\MSC\MDK-ARM\JLinkSettings.ini"
 
JLink info:
------------
DLL: V4.36l, compiled Dec  2 2011 18:52:36
Firmware: J-Link ARM V8 compiled Sep 22 2011 16:23:23
Hardware: V8.00
S/N : 20100214 
Feature(s) : RDI,FlashDL,FlashBP,JFlash,GDBFull 
 
* JLink Info: TotalIRLen = 9, IRPrint = 0x0011
* JLink Info: Found Cortex-M4 r0p1, Little endian.
* JLink Info: TPIU fitted.
* JLink Info: ETM fitted.
* JLink Info:   FPUnit: 6 code (BP) slots and 2 literal slots
ROMTableAddr = 0xE00FF003
* JLink Info: TotalIRLen = 9, IRPrint = 0x0011
* JLink Info: Found Cortex-M4 r0p1, Little endian.
* JLink Info: TPIU fitted.
* JLink Info: ETM fitted.
* JLink Info:   FPUnit: 6 code (BP) slots and 2 literal slots
* JLink Info: Found Cortex-M4 r0p1, Little endian.
* JLink Info: TPIU fitted.
* JLink Info: ETM fitted.
* JLink Info:   FPUnit: 6 code (BP) slots and 2 literal slots
 
Target info:
------------
Device: STM32F407IG
VTarget = 3.267V
State of Pins: 
TCK: 1, TDI: 0, TDO: 1, TMS: 0, TRES: 1, TRST: 1
Hardware-Breakpoints: 6
Software-Breakpoints: 8192
Watchpoints:          4
JTAG speed: 2000 kHz
 
Erase Done.
Programming Done.
Verify OK.
* JLink Info: TotalIRLen = 9, IRPrint = 0x0011
* JLink Info: Found Cortex-M4 r0p1, Little endian.
* JLink Info: TPIU fitted.
* JLink Info: ETM fitted.
* JLink Info:   FPUnit: 6 code (BP) slots and 2 literal slots
* JLink Info: Found Cortex-M4 r0p1, Little endian.
* JLink Info: TPIU fitted.
* JLink Info: ETM fitted.
* JLink Info:   FPUnit: 6 code (BP) slots and 2 literal slots
Application running ...
Build target 'STM324xG-EVAL_USBH-FS'
compiling usbh_usr.c...
linking...
Program Size: Code=25230 RO-data=10198 RW-data=280 ZI-data=6032  
".\STM324xG-EVAL\STM324xG-EVAL_FS.axf" - 0 Error(s), 0 Warning(s).
Load "E:\\Mywork\\ARM\\STM32F4x7\\STM32F4x7VGT6-DK-A-CD\\Code\\STM32_USB-Host-Device_Lib_V2.1.0\\Project\\USB_Host_Examples\\MSC\\MDK-ARM\\STM324xG-EVAL\\STM324xG-EVAL_FS.AXF" 
* JLink Info: Device "STM32F407IG" selected (1024 KB flash, 128 KB RAM).
Set JLink Project File to "E:\Mywork\ARM\STM32F4x7\STM32F4x7VGT6-DK-A-CD\Code\STM32_USB-Host-Device_Lib_V2.1.0\Project\USB_Host_Examples\MSC\MDK-ARM\JLinkSettings.ini"
 
JLink info:
------------
DLL: V4.36l, compiled Dec  2 2011 18:52:36
Firmware: J-Link ARM V8 compiled Sep 22 2011 16:23:23
Hardware: V8.00
S/N : 20100214 
Feature(s) : RDI,FlashDL,FlashBP,JFlash,GDBFull 
 
* JLink Info: TotalIRLen = 9, IRPrint = 0x0011
* JLink Info: Found Cortex-M4 r0p1, Little endian.
* JLink Info: TPIU fitted.
* JLink Info: ETM fitted.
* JLink Info:   FPUnit: 6 code (BP) slots and 2 literal slots
ROMTableAddr = 0xE00FF003
* JLink Info: TotalIRLen = 9, IRPrint = 0x0011
* JLink Info: Found Cortex-M4 r0p1, Little endian.
* JLink Info: TPIU fitted.
* JLink Info: ETM fitted.
* JLink Info:   FPUnit: 6 code (BP) slots and 2 literal slots
* JLink Info: Found Cortex-M4 r0p1, Little endian.
* JLink Info: TPIU fitted.
* JLink Info: ETM fitted.
* JLink Info:   FPUnit: 6 code (BP) slots and 2 literal slots
 
Target info:
------------
Device: STM32F407IG
VTarget = 3.267V
State of Pins: 
TCK: 1, TDI: 0, TDO: 1, TMS: 0, TRES: 1, TRST: 1
Hardware-Breakpoints: 6
Software-Breakpoints: 8192
Watchpoints:          4
JTAG speed: 2000 kHz
 
Erase Done.
Programming Done.
Verify OK.
* JLink Info: TotalIRLen = 9, IRPrint = 0x0011
* JLink Info: Found Cortex-M4 r0p1, Little endian.
* JLink Info: TPIU fitted.
* JLink Info: ETM fitted.
* JLink Info:   FPUnit: 6 code (BP) slots and 2 literal slots
* JLink Info: Found Cortex-M4 r0p1, Little endian.
* JLink Info: TPIU fitted.
* JLink Info: ETM fitted.
* JLink Info:   FPUnit: 6 code (BP) slots and 2 literal slots
Application running ...
Clean started: Project: 'USBH_MSC'
   deleting intermediate output files for target 'STM322xG-EVAL_USBH-FS'
   deleting intermediate output files for target 'STM322xG-EVAL_USBH-HS'
   deleting intermediate output files for target 'STM324xG-EVAL_USBH-HS'
   deleting intermediate output files for target 'STM324xG-EVAL_USBH-FS'
