ARM Linker, 4.1 [Build 894] [Standard][RL-ARM]

==============================================================================

Section Cross References

    app.o(i.main) refers to usbd_core.o(i.USBD_Init) for USBD_Init
    app.o(i.main) refers to stm324xg_eval.o(i.STM_EVAL_LEDToggle) for STM_EVAL_LEDToggle
    app.o(i.main) refers to usbd_usr.o(.data) for USR_cb
    app.o(i.main) refers to usbd_msc_core.o(.data) for USBD_MSC_cb
    app.o(i.main) refers to usbd_desc.o(.data) for USR_desc
    app.o(i.main) refers to app.o(.bss) for .bss
    stm32fxxx_it.o(i.OTG_HS_EP1_IN_IRQHandler) refers to usb_dcd_int.o(i.USBD_OTG_EP1IN_ISR_Handler) for USBD_OTG_EP1IN_ISR_Handler
    stm32fxxx_it.o(i.OTG_HS_EP1_IN_IRQHandler) refers to app.o(.bss) for USB_OTG_dev
    stm32fxxx_it.o(i.OTG_HS_EP1_OUT_IRQHandler) refers to usb_dcd_int.o(i.USBD_OTG_EP1OUT_ISR_Handler) for USBD_OTG_EP1OUT_ISR_Handler
    stm32fxxx_it.o(i.OTG_HS_EP1_OUT_IRQHandler) refers to app.o(.bss) for USB_OTG_dev
    stm32fxxx_it.o(i.OTG_HS_IRQHandler) refers to usb_dcd_int.o(i.USBD_OTG_ISR_Handler) for USBD_OTG_ISR_Handler
    stm32fxxx_it.o(i.OTG_HS_IRQHandler) refers to app.o(.bss) for USB_OTG_dev
    stm32fxxx_it.o(i.SDIO_IRQHandler) refers to stm324xg_eval_sdio_sd.o(i.SD_ProcessIRQSrc) for SD_ProcessIRQSrc
    usb_bsp.o(i.USB_OTG_BSP_EnableInterrupt) refers to misc.o(i.NVIC_PriorityGroupConfig) for NVIC_PriorityGroupConfig
    usb_bsp.o(i.USB_OTG_BSP_EnableInterrupt) refers to misc.o(i.NVIC_Init) for NVIC_Init
    usb_bsp.o(i.USB_OTG_BSP_Init) refers to stm32f4xx_rcc.o(i.RCC_AHB1PeriphClockCmd) for RCC_AHB1PeriphClockCmd
    usb_bsp.o(i.USB_OTG_BSP_Init) refers to stm32f4xx_gpio.o(i.GPIO_PinAFConfig) for GPIO_PinAFConfig
    usb_bsp.o(i.USB_OTG_BSP_Init) refers to stm32f4xx_gpio.o(i.GPIO_Init) for GPIO_Init
    usb_bsp.o(i.USB_OTG_BSP_mDelay) refers to usb_bsp.o(i.USB_OTG_BSP_uDelay) for USB_OTG_BSP_uDelay
    usbd_usr.o(i.USBD_USR_DeviceConfigured) refers to printfb.o(i.__0printf$bare) for __2printf
    usbd_usr.o(i.USBD_USR_DeviceConfigured) refers to lcd_log.o(.data) for LCD_LineColor
    usbd_usr.o(i.USBD_USR_DeviceConnected) refers to printfb.o(i.__0printf$bare) for __2printf
    usbd_usr.o(i.USBD_USR_DeviceConnected) refers to lcd_log.o(.data) for LCD_LineColor
    usbd_usr.o(i.USBD_USR_DeviceDisconnected) refers to printfb.o(i.__0printf$bare) for __2printf
    usbd_usr.o(i.USBD_USR_DeviceDisconnected) refers to lcd_log.o(.data) for LCD_LineColor
    usbd_usr.o(i.USBD_USR_DeviceReset) refers to lcd_log.o(i.LCD_LOG_SetFooter) for LCD_LOG_SetFooter
    usbd_usr.o(i.USBD_USR_DeviceSuspended) refers to printfb.o(i.__0printf$bare) for __2printf
    usbd_usr.o(i.USBD_USR_DeviceSuspended) refers to lcd_log.o(.data) for LCD_LineColor
    usbd_usr.o(i.USBD_USR_Init) refers to stm324xg_eval.o(i.STM_EVAL_LEDInit) for STM_EVAL_LEDInit
    usbd_usr.o(i.USBD_USR_Init) refers to stm324xg_eval_lcd.o(i.STM324xG_LCD_Init) for STM324xG_LCD_Init
    usbd_usr.o(i.USBD_USR_Init) refers to lcd_log.o(i.LCD_LOG_Init) for LCD_LOG_Init
    usbd_usr.o(i.USBD_USR_Init) refers to lcd_log.o(i.LCD_LOG_SetHeader) for LCD_LOG_SetHeader
    usbd_usr.o(i.USBD_USR_Init) refers to printfb.o(i.__0printf$bare) for __2printf
    usbd_usr.o(i.USBD_USR_Init) refers to lcd_log.o(i.LCD_LOG_SetFooter) for LCD_LOG_SetFooter
    usbd_usr.o(i.USBD_USR_Init) refers to stm324xg_eval_lcd.o(i.LCD_SetTextColor) for LCD_SetTextColor
    usbd_usr.o(i.USBD_USR_Init) refers to stm324xg_eval_lcd.o(i.LCD_DisplayStringLine) for LCD_DisplayStringLine
    usbd_usr.o(i.USBD_USR_Init) refers to lcd_log.o(.data) for LCD_LineColor
    usbd_usr.o(.data) refers to usbd_usr.o(i.USBD_USR_Init) for USBD_USR_Init
    usbd_usr.o(.data) refers to usbd_usr.o(i.USBD_USR_DeviceReset) for USBD_USR_DeviceReset
    usbd_usr.o(.data) refers to usbd_usr.o(i.USBD_USR_DeviceConfigured) for USBD_USR_DeviceConfigured
    usbd_usr.o(.data) refers to usbd_usr.o(i.USBD_USR_DeviceSuspended) for USBD_USR_DeviceSuspended
    usbd_usr.o(.data) refers to usbd_usr.o(i.USBD_USR_DeviceResumed) for USBD_USR_DeviceResumed
    usbd_usr.o(.data) refers to usbd_usr.o(i.USBD_USR_DeviceConnected) for USBD_USR_DeviceConnected
    usbd_usr.o(.data) refers to usbd_usr.o(i.USBD_USR_DeviceDisconnected) for USBD_USR_DeviceDisconnected
    usbd_storage_msd.o(i.STORAGE_GetCapacity) refers to stm324xg_eval_sdio_sd.o(i.SD_GetStatus) for SD_GetStatus
    usbd_storage_msd.o(i.STORAGE_GetCapacity) refers to stm324xg_eval_sdio_sd.o(.bss) for SDCardInfo
    usbd_storage_msd.o(i.STORAGE_Init) refers to misc.o(i.NVIC_Init) for NVIC_Init
    usbd_storage_msd.o(i.STORAGE_Init) refers to stm324xg_eval_sdio_sd.o(i.SD_Init) for SD_Init
    usbd_storage_msd.o(i.STORAGE_IsReady) refers to stm324xg_eval_sdio_sd.o(i.SD_Init) for SD_Init
    usbd_storage_msd.o(i.STORAGE_IsReady) refers to stm324xg_eval_sdio_sd.o(i.SD_GetStatus) for SD_GetStatus
[...]
    i.SDIO_GetResponse                       0x08001cf8   Section        0  stm32f4xx_sdio.o(i.SDIO_GetResponse)
    i.SDIO_IRQHandler                        0x08001d04   Section        0  stm32fxxx_it.o(i.SDIO_IRQHandler)
    i.SDIO_ITConfig                          0x08001d08   Section        0  stm32f4xx_sdio.o(i.SDIO_ITConfig)
    i.SDIO_Init                              0x08001d20   Section        0  stm32f4xx_sdio.o(i.SDIO_Init)
    i.SDIO_ReadData                          0x08001d4c   Section        0  stm32f4xx_sdio.o(i.SDIO_ReadData)
    i.SDIO_SendCommand                       0x08001d58   Section        0  stm32f4xx_sdio.o(i.SDIO_SendCommand)
    i.SDIO_SetPowerState                     0x08001d80   Section        0  stm32f4xx_sdio.o(i.SDIO_SetPowerState)
    i.SD_Detect                              0x08001d8c   Section        0  stm324xg_eval_sdio_sd.o(i.SD_Detect)
    i.SD_EnableWideBusOperation              0x08001da4   Section        0  stm324xg_eval_sdio_sd.o(i.SD_EnableWideBusOperation)
    i.SD_GetCardInfo                         0x08001e18   Section        0  stm324xg_eval_sdio_sd.o(i.SD_GetCardInfo)
    i.SD_GetState                            0x080020ac   Section        0  stm324xg_eval_sdio_sd.o(i.SD_GetState)
    i.SD_GetStatus                           0x080020ce   Section        0  stm324xg_eval_sdio_sd.o(i.SD_GetStatus)
    i.SD_Init                                0x080020e8   Section        0  stm324xg_eval_sdio_sd.o(i.SD_Init)
    i.SD_InitializeCards                     0x08002148   Section        0  stm324xg_eval_sdio_sd.o(i.SD_InitializeCards)
    i.SD_LowLevel_DMA_RxConfig               0x08002248   Section        0  stm324xg_eval.o(i.SD_LowLevel_DMA_RxConfig)
    i.SD_LowLevel_DMA_TxConfig               0x080022d0   Section        0  stm324xg_eval.o(i.SD_LowLevel_DMA_TxConfig)
    i.SD_LowLevel_Init                       0x08002358   Section        0  stm324xg_eval.o(i.SD_LowLevel_Init)
    i.SD_PowerON                             0x08002418   Section        0  stm324xg_eval_sdio_sd.o(i.SD_PowerON)
    i.SD_ProcessIRQSrc                       0x080025d4   Section        0  stm324xg_eval_sdio_sd.o(i.SD_ProcessIRQSrc)
    i.SD_ReadMultiBlocks                     0x08002664   Section        0  stm324xg_eval_sdio_sd.o(i.SD_ReadMultiBlocks)
    i.SD_SelectDeselect                      0x08002720   Section        0  stm324xg_eval_sdio_sd.o(i.SD_SelectDeselect)
    i.SD_SendStatus                          0x0800274c   Section        0  stm324xg_eval_sdio_sd.o(i.SD_SendStatus)
    i.SD_StopTransfer                        0x08002794   Section        0  stm324xg_eval_sdio_sd.o(i.SD_StopTransfer)
    i.SD_WaitReadOperation                   0x080027bc   Section        0  stm324xg_eval_sdio_sd.o(i.SD_WaitReadOperation)
    i.SD_WaitWriteOperation                  0x08002820   Section        0  stm324xg_eval_sdio_sd.o(i.SD_WaitWriteOperation)
    i.SD_WriteMultiBlocks                    0x08002884   Section        0  stm324xg_eval_sdio_sd.o(i.SD_WriteMultiBlocks)
    i.STM324xG_LCD_Init                      0x08002988   Section        0  stm324xg_eval_lcd.o(i.STM324xG_LCD_Init)
    i.STM_EVAL_LEDInit                       0x08002d98   Section        0  stm324xg_eval.o(i.STM_EVAL_LEDInit)
    i.STM_EVAL_LEDToggle                     0x08002de0   Section        0  stm324xg_eval.o(i.STM_EVAL_LEDToggle)
    i.STORAGE_GetCapacity                    0x08002dfc   Section        0  usbd_storage_msd.o(i.STORAGE_GetCapacity)
    i.STORAGE_GetMaxLun                      0x08002e2c   Section        0  usbd_storage_msd.o(i.STORAGE_GetMaxLun)
    i.STORAGE_Init                           0x08002e30   Section        0  usbd_storage_msd.o(i.STORAGE_Init)
    i.STORAGE_IsReady                        0x08002e5c   Section        0  usbd_storage_msd.o(i.STORAGE_IsReady)
    i.STORAGE_IsWriteProtected               0x08002e84   Section        0  usbd_storage_msd.o(i.STORAGE_IsWriteProtected)
    i.STORAGE_Read                           0x08002e88   Section        0  usbd_storage_msd.o(i.STORAGE_Read)
    i.STORAGE_Write                          0x08002eb0   Section        0  usbd_storage_msd.o(i.STORAGE_Write)
    i.SVC_Handler                            0x08002ed6   Section        0  stm32fxxx_it.o(i.SVC_Handler)
    i.SetSysClock                            0x08002ed8   Section        0  system_stm32f4xx.o(i.SetSysClock)
    SetSysClock                              0x08002ed9   Thumb Code   140  system_stm32f4xx.o(i.SetSysClock)
    i.SysTick_Handler                        0x08002f74   Section        0  stm32fxxx_it.o(i.SysTick_Handler)
    i.SystemInit                             0x08002f78   Section        0  system_stm32f4xx.o(i.SystemInit)
    i.USBD_ClrCfg                            0x08002fd4   Section        0  usbd_core.o(i.USBD_ClrCfg)
    i.USBD_CtlContinueRx                     0x08002fe2   Section        0  usbd_ioreq.o(i.USBD_CtlContinueRx)
    i.USBD_CtlContinueSendData               0x08002ff4   Section        0  usbd_ioreq.o(i.USBD_CtlContinueSendData)
    i.USBD_CtlError                          0x08003006   Section        0  usbd_req.o(i.USBD_CtlError)
    i.USBD_CtlReceiveStatus                  0x08003022   Section        0  usbd_ioreq.o(i.USBD_CtlReceiveStatus)
    i.USBD_CtlSendData                       0x08003044   Section        0  usbd_ioreq.o(i.USBD_CtlSendData)
    i.USBD_CtlSendStatus                     0x08003064   Section        0  usbd_ioreq.o(i.USBD_CtlSendStatus)
    i.USBD_DataInStage                       0x08003088   Section        0  usbd_core.o(i.USBD_DataInStage)
    USBD_DataInStage                         0x08003089   Thumb Code   172  usbd_core.o(i.USBD_DataInStage)
    i.USBD_DataOutStage                      0x08003138   Section        0  usbd_core.o(i.USBD_DataOutStage)
    USBD_DataOutStage                        0x08003139   Thumb Code   116  usbd_core.o(i.USBD_DataOutStage)
    i.USBD_DevConnected                      0x080031ac   Section        0  usbd_core.o(i.USBD_DevConnected)
    USBD_DevConnected                        0x080031ad   Thumb Code    22  usbd_core.o(i.USBD_DevConnected)
    i.USBD_DevDisconnected                   0x080031c2   Section        0  usbd_core.o(i.USBD_DevDisconnected)
    USBD_DevDisconnected                     0x080031c3   Thumb Code    32  usbd_core.o(i.USBD_DevDisconnected)
    i.USBD_GetDescriptor                     0x080031e4   Section        0  usbd_req.o(i.USBD_GetDescriptor)
    USBD_GetDescriptor                       0x080031e5   Thumb Code   288  usbd_req.o(i.USBD_GetDescriptor)
    i.USBD_GetRxCount                        0x08003308   Section        0  usbd_ioreq.o(i.USBD_GetRxCount)
    i.USBD_GetString                         0x08003318   Section        0  usbd_req.o(i.USBD_GetString)
    i.USBD_Init                              0x08003362   Section        0  usbd_core.o(i.USBD_Init)
    i.USBD_IsoINIncomplete                   0x08003398   Section        0  usbd_core.o(i.USBD_IsoINIncomplete)
    USBD_IsoINIncomplete                     0x08003399   Thumb Code    14  usbd_core.o(i.USBD_IsoINIncomplete)
    i.USBD_IsoOUTIncomplete                  0x080033a6   Section        0  usbd_core.o(i.USBD_IsoOUTIncomplete)
    USBD_IsoOUTIncomplete                    0x080033a7   Thumb Code    14  usbd_core.o(i.USBD_IsoOUTIncomplete)
    i.USBD_MSC_DataIn                        0x080033b4   Section        0  usbd_msc_core.o(i.USBD_MSC_DataIn)
    i.USBD_MSC_DataOut                       0x080033be   Section        0  usbd_msc_core.o(i.USBD_MSC_DataOut)
    i.USBD_MSC_DeInit                        0x080033c8   Section        0  usbd_msc_core.o(i.USBD_MSC_DeInit)
    i.USBD_MSC_GetCfgDesc                    0x080033e4   Section        0  usbd_msc_core.o(i.USBD_MSC_GetCfgDesc)
    i.USBD_MSC_GetOtherCfgDesc               0x080033f0   Section        0  usbd_msc_core.o(i.USBD_MSC_GetOtherCfgDesc)
    i.USBD_MSC_Init                          0x080033fc   Section        0  usbd_msc_core.o(i.USBD_MSC_Init)
    i.USBD_MSC_Setup                         0x08003428   Section        0  usbd_msc_core.o(i.USBD_MSC_Setup)
    i.USBD_OTG_EP1IN_ISR_Handler             0x080034ec   Section        0  usb_dcd_int.o(i.USBD_OTG_EP1IN_ISR_Handler)
    i.USBD_OTG_EP1OUT_ISR_Handler            0x08003564   Section        0  usb_dcd_int.o(i.USBD_OTG_EP1OUT_ISR_Handler)
    i.USBD_OTG_ISR_Handler                   0x080035b4   Section        0  usb_dcd_int.o(i.USBD_OTG_ISR_Handler)
    i.USBD_ParseSetupRequest                 0x0800377c   Section        0  usbd_req.o(i.USBD_ParseSetupRequest)
    i.USBD_Reset                             0x080037c0   Section        0  usbd_core.o(i.USBD_Reset)
    USBD_Reset                               0x080037c1   Thumb Code    46  usbd_core.o(i.USBD_Reset)
    i.USBD_Resume                            0x080037ee   Section        0  usbd_core.o(i.USBD_Resume)
    USBD_Resume                              0x080037ef   Thumb Code    22  usbd_core.o(i.USBD_Resume)
    i.USBD_SOF                               0x08003804   Section        0  usbd_core.o(i.USBD_SOF)
    USBD_SOF                                 0x08003805   Thumb Code    16  usbd_core.o(i.USBD_SOF)
    i.USBD_SetCfg                            0x08003814   Section        0  usbd_core.o(i.USBD_SetCfg)
    i.USBD_SetConfig                         0x08003830   Section        0  usbd_req.o(i.USBD_SetConfig)
    USBD_SetConfig                           0x08003831   Thumb Code   114  usbd_req.o(i.USBD_SetConfig)
    i.USBD_SetFeature                        0x080038a8   Section        0  usbd_req.o(i.USBD_SetFeature)
    USBD_SetFeature                          0x080038a9   Thumb Code   118  usbd_req.o(i.USBD_SetFeature)
    i.USBD_SetupStage                        0x08003924   Section        0  usbd_core.o(i.USBD_SetupStage)
    USBD_SetupStage                          0x08003925   Thumb Code    72  usbd_core.o(i.USBD_SetupStage)
    i.USBD_StdDevReq                         0x0800396c   Section        0  usbd_req.o(i.USBD_StdDevReq)
    i.USBD_StdEPReq                          0x08003a5c   Section        0  usbd_req.o(i.USBD_StdEPReq)
    i.USBD_StdItfReq                         0x08003b34   Section        0  usbd_req.o(i.USBD_StdItfReq)
    i.USBD_Suspend                           0x08003b6c   Section        0  usbd_core.o(i.USBD_Suspend)
    USBD_Suspend                             0x08003b6d   Thumb Code    28  usbd_core.o(i.USBD_Suspend)
    i.USBD_USR_ConfigStrDescriptor           0x08003b88   Section        0  usbd_desc.o(i.USBD_USR_ConfigStrDescriptor)
    i.USBD_USR_DeviceConfigured              0x08003ba8   Section        0  usbd_usr.o(i.USBD_USR_DeviceConfigured)
    i.USBD_USR_DeviceConnected               0x08003bd8   Section        0  usbd_usr.o(i.USBD_USR_DeviceConnected)
    i.USBD_USR_DeviceDescriptor              0x08003c08   Section        0  usbd_desc.o(i.USBD_USR_DeviceDescriptor)
    i.USBD_USR_DeviceDisconnected            0x08003c14   Section        0  usbd_usr.o(i.USBD_USR_DeviceDisconnected)
    i.USBD_USR_DeviceReset                   0x08003c44   Section        0  usbd_usr.o(i.USBD_USR_DeviceReset)
    i.USBD_USR_DeviceResumed                 0x08003cd0   Section        0  usbd_usr.o(i.USBD_USR_DeviceResumed)
    i.USBD_USR_DeviceSuspended               0x08003cd4   Section        0  usbd_usr.o(i.USBD_USR_DeviceSuspended)
    i.USBD_USR_Init                          0x08003d04   Section        0  usbd_usr.o(i.USBD_USR_Init)
    i.USBD_USR_InterfaceStrDescriptor        0x08003de4   Section        0  usbd_desc.o(i.USBD_USR_InterfaceStrDescriptor)
    i.USBD_USR_LangIDStrDescriptor           0x08003e08   Section        0  usbd_desc.o(i.USBD_USR_LangIDStrDescriptor)
    i.USBD_USR_ManufacturerStrDescriptor     0x08003e14   Section        0  usbd_desc.o(i.USBD_USR_ManufacturerStrDescriptor)
    i.USBD_USR_ProductStrDescriptor          0x08003e3c   Section        0  usbd_desc.o(i.USBD_USR_ProductStrDescriptor)
    i.USBD_USR_SerialStrDescriptor           0x08003e88   Section        0  usbd_desc.o(i.USBD_USR_SerialStrDescriptor)
    i.USB_OTG_BSP_EnableInterrupt            0x08003ec4   Section        0  usb_bsp.o(i.USB_OTG_BSP_EnableInterrupt)
    i.USB_OTG_BSP_Init                       0x08003f2c   Section        0  usb_bsp.o(i.USB_OTG_BSP_Init)
    i.USB_OTG_BSP_mDelay                     0x08004074   Section        0  usb_bsp.o(i.USB_OTG_BSP_mDelay)
    i.USB_OTG_BSP_uDelay                     0x0800407e   Section        0  usb_bsp.o(i.USB_OTG_BSP_uDelay)
    i.USB_OTG_CoreInit                       0x0800408e   Section        0  usb_core.o(i.USB_OTG_CoreInit)
    i.USB_OTG_CoreInitDev                    0x08004110   Section        0  usb_core.o(i.USB_OTG_CoreInitDev)
    i.USB_OTG_CoreReset                      0x08004264   Section        0  usb_core.o(i.USB_OTG_CoreReset)
    USB_OTG_CoreReset                        0x08004265   Thumb Code    84  usb_core.o(i.USB_OTG_CoreReset)
    i.USB_OTG_DisableGlobalInt               0x080042bc   Section        0  usb_core.o(i.USB_OTG_DisableGlobalInt)
    i.USB_OTG_EP0Activate                    0x080042cc   Section        0  usb_core.o(i.USB_OTG_EP0Activate)
    i.USB_OTG_EP0StartXfer                   0x08004308   Section        0  usb_core.o(i.USB_OTG_EP0StartXfer)
    i.USB_OTG_EP0_OutStart                   0x080043b8   Section        0  usb_core.o(i.USB_OTG_EP0_OutStart)
    i.USB_OTG_EPActivate                     0x080043dc   Section        0  usb_core.o(i.USB_OTG_EPActivate)
    i.USB_OTG_EPClearStall                   0x08004448   Section        0  usb_core.o(i.USB_OTG_EPClearStall)
    i.USB_OTG_EPDeactivate                   0x0800447a   Section        0  usb_core.o(i.USB_OTG_EPDeactivate)
    i.USB_OTG_EPSetStall                     0x080044ca   Section        0  usb_core.o(i.USB_OTG_EPSetStall)
    i.USB_OTG_EPStartXfer                    0x080044fa   Section        0  usb_core.o(i.USB_OTG_EPStartXfer)
    i.USB_OTG_EnableDevInt                   0x08004620   Section        0  usb_core.o(i.USB_OTG_EnableDevInt)
    i.USB_OTG_EnableGlobalInt                0x08004670   Section        0  usb_core.o(i.USB_OTG_EnableGlobalInt)
    i.USB_OTG_FlushRxFifo                    0x08004680   Section        0  usb_core.o(i.USB_OTG_FlushRxFifo)
    i.USB_OTG_FlushTxFifo                    0x080046bc   Section        0  usb_core.o(i.USB_OTG_FlushTxFifo)
    i.USB_OTG_GetDeviceSpeed                 0x08004700   Section        0  usb_core.o(i.USB_OTG_GetDeviceSpeed)
    i.USB_OTG_InitDevSpeed                   0x08004726   Section        0  usb_core.o(i.USB_OTG_InitDevSpeed)
    i.USB_OTG_IsDeviceMode                   0x08004732   Section        0  usb_core.o(i.USB_OTG_IsDeviceMode)
    i.USB_OTG_ReadCoreItr                    0x08004746   Section        0  usb_core.o(i.USB_OTG_ReadCoreItr)
    i.USB_OTG_ReadDevAllInEPItr              0x08004750   Section        0  usb_core.o(i.USB_OTG_ReadDevAllInEPItr)
    i.USB_OTG_ReadDevAllOutEp_itr            0x0800475c   Section        0  usb_core.o(i.USB_OTG_ReadDevAllOutEp_itr)
    i.USB_OTG_ReadDevOutEP_itr               0x08004768   Section        0  usb_core.o(i.USB_OTG_ReadDevOutEP_itr)
    i.USB_OTG_ReadPacket                     0x08004778   Section        0  usb_core.o(i.USB_OTG_ReadPacket)
    i.USB_OTG_SelectCore                     0x08004798   Section        0  usb_core.o(i.USB_OTG_SelectCore)
    i.USB_OTG_SetCurrentMode                 0x08004860   Section        0  usb_core.o(i.USB_OTG_SetCurrentMode)
    i.USB_OTG_WritePacket                    0x0800488a   Section        0  usb_core.o(i.USB_OTG_WritePacket)
    i.UsageFault_Handler                     0x080048b2   Section        0  stm32fxxx_it.o(i.UsageFault_Handler)
    i.__0printf$bare                         0x080048b4   Section        0  printfb.o(i.__0printf$bare)
    i.__scatterload_copy                     0x080048c4   Section       14  handlers.o(i.__scatterload_copy)
    i.__scatterload_null                     0x080048d2   Section        2  handlers.o(i.__scatterload_null)
    i.__scatterload_zeroinit                 0x080048d4   Section       14  handlers.o(i.__scatterload_zeroinit)
    i._printf_core                           0x080048e2   Section        0  printfb.o(i._printf_core)
    _printf_core                             0x080048e3   Thumb Code    34  printfb.o(i._printf_core)
    i.delay                                  0x08004904   Section        0  stm324xg_eval_lcd.o(i.delay)
    delay                                    0x08004905   Thumb Code    14  stm324xg_eval_lcd.o(i.delay)
    i.fputc                                  0x08004918   Section        0  lcd_log.o(i.fputc)
    i.main                                   0x08004a08   Section        0  app.o(i.main)
    .constdata                               0x08004a44   Section       36  usbd_storage_msd.o(.constdata)
    .constdata                               0x08004a68   Section        7  usbd_msc_data.o(.constdata)
    .constdata                               0x08004a6f   Section        8  usbd_msc_data.o(.constdata)
    .constdata                               0x08004a77   Section        8  usbd_msc_data.o(.constdata)
    .constdata                               0x08004a80   Section       92  stm324xg_eval.o(.constdata)
    .constdata                               0x08004adc   Section     4560  stm324xg_eval_lcd.o(.constdata)
    .constdata                               0x08005cac   Section     2304  stm324xg_eval_lcd.o(.constdata)
    .constdata                               0x080065ac   Section     2304  stm324xg_eval_lcd.o(.constdata)
    .data                                    0x20000000   Section       28  usbd_usr.o(.data)
    .data                                    0x2000001c   Section       32  usbd_storage_msd.o(.data)
    .data                                    0x2000003c   Section        4  usbd_storage_msd.o(.data)
    .data                                    0x20000040   Section        1  usbd_storage_msd.o(.data)
    last_status                              0x20000040   Data           1  usbd_storage_msd.o(.data)
    .data                                    0x20000044   Section       28  usbd_desc.o(.data)
    .data                                    0x20000060   Section       22  usbd_desc.o(.data)
    .data                                    0x20000078   Section       10  usbd_desc.o(.data)
    .data                                    0x20000084   Section       16  usbd_req.o(.data)
    cfgidx                                   0x20000084   Data           1  usbd_req.o(.data)
    .data                                    0x20000094   Section       44  usbd_core.o(.data)
    .data                                    0x200000c0   Section        4  usbd_core.o(.data)
    .data                                    0x200000c4   Section        4  usbd_core.o(.data)
    .data                                    0x200000c8   Section       24  usbd_msc_scsi.o(.data)
    .data                                    0x200000e0   Section        4  usbd_msc_bot.o(.data)
    .data                                    0x200000e4   Section       48  usbd_msc_core.o(.data)
    .data                                    0x20000114   Section       72  usbd_msc_core.o(.data)
    USBD_MSC_MaxLun                          0x20000114   Data           1  usbd_msc_core.o(.data)
    USBD_MSC_AltSet                          0x20000118   Data           1  usbd_msc_core.o(.data)
    .data                                    0x2000015c   Section       18  lcd_log.o(.data)
    .data                                    0x20000170   Section       24  stm324xg_eval_sdio_sd.o(.data)
    CardType                                 0x20000174   Data           4  stm324xg_eval_sdio_sd.o(.data)
    RCA                                      0x20000178   Data           4  stm324xg_eval_sdio_sd.o(.data)
    .data                                    0x20000188   Section       44  stm324xg_eval.o(.data)
    .data                                    0x200001b4   Section       16  stm324xg_eval_lcd.o(.data)
    TextColor                                0x200001b4   Data           2  stm324xg_eval_lcd.o(.data)
    BackColor                                0x200001b6   Data           2  stm324xg_eval_lcd.o(.data)
    LCD_Currentfonts                         0x200001b8   Data           4  stm324xg_eval_lcd.o(.data)
    .data                                    0x200001c4   Section        8  stm324xg_eval_lcd.o(.data)
    .data                                    0x200001cc   Section        8  stm324xg_eval_lcd.o(.data)
    .data                                    0x200001d4   Section        4  stdout.o(.data)
    .bss                                     0x200001d8   Section     1524  app.o(.bss)
    .bss                                     0x200007cc   Section       64  usbd_req.o(.bss)
    .bss                                     0x2000080c   Section       32  usbd_msc_scsi.o(.bss)
    .bss                                     0x2000082c   Section     4144  usbd_msc_bot.o(.bss)
    .bss                                     0x2000185c   Section      468  lcd_log.o(.bss)
    .bss                                     0x20001a30   Section      204  stm324xg_eval_sdio_sd.o(.bss)
    CSD_Tab                                  0x20001a30   Data          16  stm324xg_eval_sdio_sd.o(.bss)
    CID_Tab                                  0x20001a40   Data          16  stm324xg_eval_sdio_sd.o(.bss)
    SDSTATUS_Tab                             0x20001a50   Data          16  stm324xg_eval_sdio_sd.o(.bss)
    STACK                                    0x20001b00   Section     1024  startup_stm32f4xx.o(STACK)

    Global Symbols

    Symbol Name                              Value     Ov Type        Size  Object(Section)

    BuildAttributes$$THM_ISAv4$E$P$D$K$B$S$7EM$VFPi3$EXTD16$VFPS$VFMA$PE$A:L22UL41UL21$X:L11$S22US41US21$IEEE1$IW$USESV6$~STKCKD$USESV7$~SHL$OSPACE$ROPI$EBA8$MICROLIB$REQ8$PRES8$EABIv2 0x00000000   Number         0  anon$$obj.o ABSOLUTE
    __ARM_use_no_argv                        0x00000000   Number         0  app.o ABSOLUTE
    _clock_init                               - Undefined Weak Reference
    __Vectors_Size                           0x00000188   Number         0  startup_stm32f4xx.o ABSOLUTE
    __Vectors                                0x08000000   Data           4  startup_stm32f4xx.o(RESET)
    __Vectors_End                            0x08000188   Data           0  startup_stm32f4xx.o(RESET)
    __main                                   0x08000189   Thumb Code     0  entry.o(.ARM.Collect$$$$00000000)
    _main_stk                                0x08000189   Thumb Code     0  entry2.o(.ARM.Collect$$$$00000001)
    _main_scatterload                        0x0800018d   Thumb Code     0  entry5.o(.ARM.Collect$$$$00000004)
    __main_after_scatterload                 0x08000191   Thumb Code     0  entry5.o(.ARM.Collect$$$$00000004)
    _main_clock                              0x08000191   Thumb Code     0  entry7b.o(.ARM.Collect$$$$00000008)
    _main_init                               0x08000191   Thumb Code     0  entry8.o(.ARM.Collect$$$$00000009)
    Reset_Handler                            0x0800019d   Thumb Code     8  startup_stm32f4xx.o(.text)
    ADC_IRQHandler                           0x080001b7   Thumb Code     0  startup_stm32f4xx.o(.text)
    CAN1_RX0_IRQHandler                      0x080001b7   Thumb Code     0  startup_stm32f4xx.o(.text)
    CAN1_RX1_IRQHandler                      0x080001b7   Thumb Code     0  startup_stm32f4xx.o(.text)
    CAN1_SCE_IRQHandler                      0x080001b7   Thumb Code     0  startup_stm32f4xx.o(.text)
    CAN1_TX_IRQHandler                       0x080001b7   Thumb Code     0  startup_stm32f4xx.o(.text)
    CAN2_RX0_IRQHandler                      0x080001b7   Thumb Code     0  startup_stm32f4xx.o(.text)
    CAN2_RX1_IRQHandler                      0x080001b7   Thumb Code     0  startup_stm32f4xx.o(.text)
    CAN2_SCE_IRQHandler                      0x080001b7   Thumb Code     0  startup_stm32f4xx.o(.text)
    CAN2_TX_IRQHandler                       0x080001b7   Thumb Code     0  startup_stm32f4xx.o(.text)
    CRYP_IRQHandler                          0x080001b7   Thumb Code     0  startup_stm32f4xx.o(.text)
    DCMI_IRQHandler                          0x080001b7   Thumb Code     0  startup_stm32f4xx.o(.text)
    DMA1_Stream0_IRQHandler                  0x080001b7   Thumb Code     0  startup_stm32f4xx.o(.text)
    DMA1_Stream1_IRQHandler                  0x080001b7   Thumb Code     0  startup_stm32f4xx.o(.text)
    DMA1_Stream2_IRQHandler                  0x080001b7   Thumb Code     0  startup_stm32f4xx.o(.text)
    DMA1_Stream3_IRQHandler                  0x080001b7   Thumb Code     0  startup_stm32f4xx.o(.text)
    DMA1_Stream4_IRQHandler                  0x080001b7   Thumb Code     0  startup_stm32f4xx.o(.text)
    DMA1_Stream5_IRQHandler                  0x080001b7   Thumb Code     0  startup_stm32f4xx.o(.text)
    DMA1_Stream6_IRQHandler                  0x080001b7   Thumb Code     0  startup_stm32f4xx.o(.text)
    DMA1_Stream7_IRQHandler                  0x080001b7   Thumb Code     0  startup_stm32f4xx.o(.text)
    DMA2_Stream0_IRQHandler                  0x080001b7   Thumb Code     0  startup_stm32f4xx.o(.text)
    DMA2_Stream1_IRQHandler                  0x080001b7   Thumb Code     0  startup_stm32f4xx.o(.text)
    DMA2_Stream2_IRQHandler                  0x080001b7   Thumb Code     0  startup_stm32f4xx.o(.text)
    DMA2_Stream3_IRQHandler                  0x080001b7   Thumb Code     0  startup_stm32f4xx.o(.text)
    DMA2_Stream4_IRQHandler                  0x080001b7   Thumb Code     0  startup_stm32f4xx.o(.text)
    DMA2_Stream5_IRQHandler                  0x080001b7   Thumb Code     0  startup_stm32f4xx.o(.text)
    DMA2_Stream6_IRQHandler                  0x080001b7   Thumb Code     0  startup_stm32f4xx.o(.text)
    DMA2_Stream7_IRQHandler                  0x080001b7   Thumb Code     0  startup_stm32f4xx.o(.text)
    ETH_IRQHandler                           0x080001b7   Thumb Code     0  startup_stm32f4xx.o(.text)
    ETH_WKUP_IRQHandler                      0x080001b7   Thumb Code     0  startup_stm32f4xx.o(.text)
    EXTI0_IRQHandler                         0x080001b7   Thumb Code     0  startup_stm32f4xx.o(.text)
    EXTI15_10_IRQHandler                     0x080001b7   Thumb Code     0  startup_stm32f4xx.o(.text)
    EXTI1_IRQHandler                         0x080001b7   Thumb Code     0  startup_stm32f4xx.o(.text)
    EXTI2_IRQHandler                         0x080001b7   Thumb Code     0  startup_stm32f4xx.o(.text)
    EXTI3_IRQHandler                         0x080001b7   Thumb Code     0  startup_stm32f4xx.o(.text)
    EXTI4_IRQHandler                         0x080001b7   Thumb Code     0  startup_stm32f4xx.o(.text)
    EXTI9_5_IRQHandler                       0x080001b7   Thumb Code     0  startup_stm32f4xx.o(.text)
    FLASH_IRQHandler                         0x080001b7   Thumb Code     0  startup_stm32f4xx.o(.text)
    FPU_IRQHandler                           0x080001b7   Thumb Code     0  startup_stm32f4xx.o(.text)
    FSMC_IRQHandler                          0x080001b7   Thumb Code     0  startup_stm32f4xx.o(.text)
    HASH_RNG_IRQHandler                      0x080001b7   Thumb Code     0  startup_stm32f4xx.o(.text)
    I2C1_ER_IRQHandler                       0x080001b7   Thumb Code     0  startup_stm32f4xx.o(.text)
    I2C1_EV_IRQHandler                       0x080001b7   Thumb Code     0  startup_stm32f4xx.o(.text)
    I2C2_ER_IRQHandler                       0x080001b7   Thumb Code     0  startup_stm32f4xx.o(.text)
    I2C2_EV_IRQHandler                       0x080001b7   Thumb Code     0  startup_stm32f4xx.o(.text)
    I2C3_ER_IRQHandler                       0x080001b7   Thumb Code     0  startup_stm32f4xx.o(.text)
    I2C3_EV_IRQHandler                       0x080001b7   Thumb Code     0  startup_stm32f4xx.o(.text)
    OTG_FS_IRQHandler                        0x080001b7   Thumb Code     0  startup_stm32f4xx.o(.text)
    OTG_FS_WKUP_IRQHandler                   0x080001b7   Thumb Code     0  startup_stm32f4xx.o(.text)
    OTG_HS_WKUP_IRQHandler                   0x080001b7   Thumb Code     0  startup_stm32f4xx.o(.text)
    PVD_IRQHandler                           0x080001b7   Thumb Code     0  startup_stm32f4xx.o(.text)
    RCC_IRQHandler                           0x080001b7   Thumb Code     0  startup_stm32f4xx.o(.text)
    RTC_Alarm_IRQHandler                     0x080001b7   Thumb Code     0  startup_stm32f4xx.o(.text)
    RTC_WKUP_IRQHandler                      0x080001b7   Thumb Code     0  startup_stm32f4xx.o(.text)
    SPI1_IRQHandler                          0x080001b7   Thumb Code     0  startup_stm32f4xx.o(.text)
    SPI2_IRQHandler                          0x080001b7   Thumb Code     0  startup_stm32f4xx.o(.text)
    SPI3_IRQHandler                          0x080001b7   Thumb Code     0  startup_stm32f4xx.o(.text)
    TAMP_STAMP_IRQHandler                    0x080001b7   Thumb Code     0  startup_stm32f4xx.o(.text)
    TIM1_BRK_TIM9_IRQHandler                 0x080001b7   Thumb Code     0  startup_stm32f4xx.o(.text)
    TIM1_CC_IRQHandler                       0x080001b7   Thumb Code     0  startup_stm32f4xx.o(.text)
    TIM1_TRG_COM_TIM11_IRQHandler            0x080001b7   Thumb Code     0  startup_stm32f4xx.o(.text)
    TIM1_UP_TIM10_IRQHandler                 0x080001b7   Thumb Code     0  startup_stm32f4xx.o(.text)
    TIM2_IRQHandler                          0x080001b7   Thumb Code     0  startup_stm32f4xx.o(.text)
    TIM3_IRQHandler                          0x080001b7   Thumb Code     0  startup_stm32f4xx.o(.text)
    TIM4_IRQHandler                          0x080001b7   Thumb Code     0  startup_stm32f4xx.o(.text)
    TIM5_IRQHandler                          0x080001b7   Thumb Code     0  startup_stm32f4xx.o(.text)
    TIM6_DAC_IRQHandler                      0x080001b7   Thumb Code     0  startup_stm32f4xx.o(.text)
    TIM7_IRQHandler                          0x080001b7   Thumb Code     0  startup_stm32f4xx.o(.text)
    TIM8_BRK_TIM12_IRQHandler                0x080001b7   Thumb Code     0  startup_stm32f4xx.o(.text)
    TIM8_CC_IRQHandler                       0x080001b7   Thumb Code     0  startup_stm32f4xx.o(.text)
    TIM8_TRG_COM_TIM14_IRQHandler            0x080001b7   Thumb Code     0  startup_stm32f4xx.o(.text)
    TIM8_UP_TIM13_IRQHandler                 0x080001b7   Thumb Code     0  startup_stm32f4xx.o(.text)
    UART4_IRQHandler                         0x080001b7   Thumb Code     0  startup_stm32f4xx.o(.text)
    UART5_IRQHandler                         0x080001b7   Thumb Code     0  startup_stm32f4xx.o(.text)
    USART1_IRQHandler                        0x080001b7   Thumb Code     0  startup_stm32f4xx.o(.text)
    USART2_IRQHandler                        0x080001b7   Thumb Code     0  startup_stm32f4xx.o(.text)
    USART3_IRQHandler                        0x080001b7   Thumb Code     0  startup_stm32f4xx.o(.text)
    USART6_IRQHandler                        0x080001b7   Thumb Code     0  startup_stm32f4xx.o(.text)
    WWDG_IRQHandler                          0x080001b7   Thumb Code     0  startup_stm32f4xx.o(.text)
    __scatterload                            0x080001c1   Thumb Code    28  init.o(.text)
    __scatterload_rt2                        0x080001c1   Thumb Code     0  init.o(.text)
    __decompress                             0x080001e5   Thumb Code     0  __dczerorl2.o(.text)
    __decompress1                            0x080001e5   Thumb Code    92  __dczerorl2.o(.text)
    BusFault_Handler                         0x08000241   Thumb Code     2  stm32fxxx_it.o(i.BusFault_Handler)
    DCD_EP_Close                             0x080003d5   Thumb Code    44  usb_dcd.o(i.DCD_EP_Close)
    DCD_EP_ClrStall                          0x08000401   Thumb Code    56  usb_dcd.o(i.DCD_EP_ClrStall)
    DCD_EP_Flush                             0x08000439   Thumb Code    24  usb_dcd.o(i.DCD_EP_Flush)
    DCD_EP_Open                              0x08000451   Thumb Code    60  usb_dcd.o(i.DCD_EP_Open)
    DCD_EP_PrepareRx                         0x0800048d   Thumb Code    60  usb_dcd.o(i.DCD_EP_PrepareRx)
    DCD_EP_SetAddress                        0x080004c9   Thumb Code    16  usb_dcd.o(i.DCD_EP_SetAddress)
    DCD_EP_Stall                             0x080004d9   Thumb Code    56  usb_dcd.o(i.DCD_EP_Stall)
    DCD_EP_Tx                                0x08000511   Thumb Code    54  usb_dcd.o(i.DCD_EP_Tx)
    DCD_Init                                 0x080007cd   Thumb Code   138  usb_dcd.o(i.DCD_Init)
    DMA_ClearFlag                            0x080008cd   Thumb Code    32  stm32f4xx_dma.o(i.DMA_ClearFlag)
    DMA_Cmd                                  0x080008f9   Thumb Code    20  stm32f4xx_dma.o(i.DMA_Cmd)
    DMA_DeInit                               0x0800090d   Thumb Code   270  stm32f4xx_dma.o(i.DMA_DeInit)
    DMA_FlowControllerConfig                 0x08000a31   Thumb Code    20  stm32f4xx_dma.o(i.DMA_FlowControllerConfig)
    DMA_ITConfig                             0x08000a45   Thumb Code    44  stm32f4xx_dma.o(i.DMA_ITConfig)
    DMA_Init                                 0x08000a71   Thumb Code    80  stm32f4xx_dma.o(i.DMA_Init)
    DebugMon_Handler                         0x08000ac5   Thumb Code     2  stm32fxxx_it.o(i.DebugMon_Handler)
    FSMC_NORSRAMCmd                          0x08000ac9   Thumb Code    28  stm32f4xx_fsmc.o(i.FSMC_NORSRAMCmd)
    FSMC_NORSRAMInit                         0x08000ae9   Thumb Code   192  stm32f4xx_fsmc.o(i.FSMC_NORSRAMInit)
    GPIO_Init                                0x08000cdd   Thumb Code   124  stm32f4xx_gpio.o(i.GPIO_Init)
    GPIO_PinAFConfig                         0x08000d59   Thumb Code    32  stm32f4xx_gpio.o(i.GPIO_PinAFConfig)
    GPIO_ReadInputDataBit                    0x08000d79   Thumb Code    14  stm32f4xx_gpio.o(i.GPIO_ReadInputDataBit)
    HardFault_Handler                        0x08000d87   Thumb Code     2  stm32fxxx_it.o(i.HardFault_Handler)
    LCD_Clear                                0x08000d89   Thumb Code    38  stm324xg_eval_lcd.o(i.LCD_Clear)
    LCD_ClearLine                            0x08000db9   Thumb Code    44  stm324xg_eval_lcd.o(i.LCD_ClearLine)
    LCD_CtrlLinesConfig                      0x08000de9   Thumb Code   344  stm324xg_eval_lcd.o(i.LCD_CtrlLinesConfig)
    LCD_DisplayChar                          0x08000f49   Thumb Code    26  stm324xg_eval_lcd.o(i.LCD_DisplayChar)
    LCD_DisplayStringLine                    0x08000f69   Thumb Code    52  stm324xg_eval_lcd.o(i.LCD_DisplayStringLine)
    LCD_DrawChar                             0x08000fa1   Thumb Code   136  stm324xg_eval_lcd.o(i.LCD_DrawChar)
    LCD_FSMCConfig                           0x08001035   Thumb Code    86  stm324xg_eval_lcd.o(i.LCD_FSMCConfig)
    LCD_GetFont                              0x0800108d   Thumb Code     6  stm324xg_eval_lcd.o(i.LCD_GetFont)
    LCD_LOG_DeInit                           0x08001099   Thumb Code    34  lcd_log.o(i.LCD_LOG_DeInit)
    LCD_LOG_Init                             0x080010c1   Thumb Code    16  lcd_log.o(i.LCD_LOG_Init)
    LCD_LOG_SetFooter                        0x080010d1   Thumb Code   100  lcd_log.o(i.LCD_LOG_SetFooter)
    LCD_LOG_SetHeader                        0x08001135   Thumb Code   134  lcd_log.o(i.LCD_LOG_SetHeader)
    LCD_ReadReg                              0x08001265   Thumb Code    10  stm324xg_eval_lcd.o(i.LCD_ReadReg)
    LCD_SetBackColor                         0x08001279   Thumb Code     6  stm324xg_eval_lcd.o(i.LCD_SetBackColor)
    LCD_SetCursor                            0x08001285   Thumb Code    24  stm324xg_eval_lcd.o(i.LCD_SetCursor)
    LCD_SetFont                              0x0800129d   Thumb Code     6  stm324xg_eval_lcd.o(i.LCD_SetFont)
    LCD_SetTextColor                         0x080012a9   Thumb Code     6  stm324xg_eval_lcd.o(i.LCD_SetTextColor)
    LCD_WriteReg                             0x080012b5   Thumb Code    10  stm324xg_eval_lcd.o(i.LCD_WriteReg)
    MSC_BOT_CplClrFeature                    0x080013c5   Thumb Code    40  usbd_msc_bot.o(i.MSC_BOT_CplClrFeature)
    MSC_BOT_DataIn                           0x080013f1   Thumb Code    56  usbd_msc_bot.o(i.MSC_BOT_DataIn)
    MSC_BOT_DataOut                          0x08001431   Thumb Code    56  usbd_msc_bot.o(i.MSC_BOT_DataOut)
    MSC_BOT_DeInit                           0x08001471   Thumb Code     8  usbd_msc_bot.o(i.MSC_BOT_DeInit)
    MSC_BOT_Init                             0x0800147d   Thumb Code    54  usbd_msc_bot.o(i.MSC_BOT_Init)
    MSC_BOT_Reset                            0x080014c1   Thumb Code    20  usbd_msc_bot.o(i.MSC_BOT_Reset)
    MSC_BOT_SendCSW                          0x080014dd   Thumb Code    48  usbd_msc_bot.o(i.MSC_BOT_SendCSW)
    MemManage_Handler                        0x08001519   Thumb Code     2  stm32fxxx_it.o(i.MemManage_Handler)
    NMI_Handler                              0x0800151b   Thumb Code     2  stm32fxxx_it.o(i.NMI_Handler)
    NVIC_Init                                0x0800151d   Thumb Code    92  misc.o(i.NVIC_Init)
    NVIC_PriorityGroupConfig                 0x08001581   Thumb Code    10  misc.o(i.NVIC_PriorityGroupConfig)
    OTG_HS_EP1_IN_IRQHandler                 0x08001595   Thumb Code     6  stm32fxxx_it.o(i.OTG_HS_EP1_IN_IRQHandler)
    OTG_HS_EP1_OUT_IRQHandler                0x080015a1   Thumb Code     6  stm32fxxx_it.o(i.OTG_HS_EP1_OUT_IRQHandler)
    OTG_HS_IRQHandler                        0x080015ad   Thumb Code     6  stm32fxxx_it.o(i.OTG_HS_IRQHandler)
    PendSV_Handler                           0x080015b9   Thumb Code     2  stm32fxxx_it.o(i.PendSV_Handler)
    RCC_AHB1PeriphClockCmd                   0x080015bd   Thumb Code    18  stm32f4xx_rcc.o(i.RCC_AHB1PeriphClockCmd)
    RCC_AHB3PeriphClockCmd                   0x080015d5   Thumb Code    18  stm32f4xx_rcc.o(i.RCC_AHB3PeriphClockCmd)
    RCC_APB2PeriphClockCmd                   0x080015ed   Thumb Code    18  stm32f4xx_rcc.o(i.RCC_APB2PeriphClockCmd)
    RCC_APB2PeriphResetCmd                   0x08001605   Thumb Code    18  stm32f4xx_rcc.o(i.RCC_APB2PeriphResetCmd)
    SCSI_ProcessCmd                          0x08001641   Thumb Code   302  usbd_msc_scsi.o(i.SCSI_ProcessCmd)
    SCSI_SenseCode                           0x08001a89   Thumb Code    36  usbd_msc_scsi.o(i.SCSI_SenseCode)
    SDIO_ClearFlag                           0x08001c3d   Thumb Code     6  stm32f4xx_sdio.o(i.SDIO_ClearFlag)
    SDIO_ClearITPendingBit                   0x08001c49   Thumb Code     6  stm32f4xx_sdio.o(i.SDIO_ClearITPendingBit)
    SDIO_ClockCmd                            0x08001c55   Thumb Code     6  stm32f4xx_sdio.o(i.SDIO_ClockCmd)
    SDIO_DMACmd                              0x08001c61   Thumb Code     6  stm32f4xx_sdio.o(i.SDIO_DMACmd)
    SDIO_DataConfig                          0x08001c6d   Thumb Code    42  stm32f4xx_sdio.o(i.SDIO_DataConfig)
    SDIO_DeInit                              0x08001c9d   Thumb Code    24  stm32f4xx_sdio.o(i.SDIO_DeInit)
    SDIO_GetCommandResponse                  0x08001cb5   Thumb Code     8  stm32f4xx_sdio.o(i.SDIO_GetCommandResponse)
    SDIO_GetFlagStatus                       0x08001cc1   Thumb Code    16  stm32f4xx_sdio.o(i.SDIO_GetFlagStatus)
    SDIO_GetITStatus                         0x08001cd5   Thumb Code    16  stm32f4xx_sdio.o(i.SDIO_GetITStatus)
    SDIO_GetPowerState                       0x08001ce9   Thumb Code    10  stm32f4xx_sdio.o(i.SDIO_GetPowerState)
    SDIO_GetResponse                         0x08001cf9   Thumb Code     6  stm32f4xx_sdio.o(i.SDIO_GetResponse)
    SDIO_IRQHandler                          0x08001d05   Thumb Code     4  stm32fxxx_it.o(i.SDIO_IRQHandler)
    SDIO_ITConfig                            0x08001d09   Thumb Code    18  stm32f4xx_sdio.o(i.SDIO_ITConfig)
    SDIO_Init                                0x08001d21   Thumb Code    40  stm32f4xx_sdio.o(i.SDIO_Init)
    SDIO_ReadData                            0x08001d4d   Thumb Code     6  stm32f4xx_sdio.o(i.SDIO_ReadData)
    SDIO_SendCommand                         0x08001d59   Thumb Code    36  stm32f4xx_sdio.o(i.SDIO_SendCommand)
    SDIO_SetPowerState                       0x08001d81   Thumb Code     6  stm32f4xx_sdio.o(i.SDIO_SetPowerState)
    SD_Detect                                0x08001d8d   Thumb Code    20  stm324xg_eval_sdio_sd.o(i.SD_Detect)
    SD_EnableWideBusOperation                0x08001da5   Thumb Code   106  stm324xg_eval_sdio_sd.o(i.SD_EnableWideBusOperation)
    SD_GetCardInfo                           0x08001e19   Thumb Code   650  stm324xg_eval_sdio_sd.o(i.SD_GetCardInfo)
    SD_GetState                              0x080020ad   Thumb Code    34  stm324xg_eval_sdio_sd.o(i.SD_GetState)
    SD_GetStatus                             0x080020cf   Thumb Code    26  stm324xg_eval_sdio_sd.o(i.SD_GetStatus)
    SD_Init                                  0x080020e9   Thumb Code    90  stm324xg_eval_sdio_sd.o(i.SD_Init)
    SD_InitializeCards                       0x08002149   Thumb Code   246  stm324xg_eval_sdio_sd.o(i.SD_InitializeCards)
    SD_LowLevel_DMA_RxConfig                 0x08002249   Thumb Code   126  stm324xg_eval.o(i.SD_LowLevel_DMA_RxConfig)
    SD_LowLevel_DMA_TxConfig                 0x080022d1   Thumb Code   128  stm324xg_eval.o(i.SD_LowLevel_DMA_TxConfig)
    SD_LowLevel_Init                         0x08002359   Thumb Code   180  stm324xg_eval.o(i.SD_LowLevel_Init)
    SD_PowerON                               0x08002419   Thumb Code   428  stm324xg_eval_sdio_sd.o(i.SD_PowerON)
    SD_ProcessIRQSrc                         0x080025d5   Thumb Code   140  stm324xg_eval_sdio_sd.o(i.SD_ProcessIRQSrc)
    SD_ReadMultiBlocks                       0x08002665   Thumb Code   174  stm324xg_eval_sdio_sd.o(i.SD_ReadMultiBlocks)
    SD_SelectDeselect                        0x08002721   Thumb Code    40  stm324xg_eval_sdio_sd.o(i.SD_SelectDeselect)
    SD_SendStatus                            0x0800274d   Thumb Code    62  stm324xg_eval_sdio_sd.o(i.SD_SendStatus)
    SD_StopTransfer                          0x08002795   Thumb Code    36  stm324xg_eval_sdio_sd.o(i.SD_StopTransfer)
    SD_WaitReadOperation                     0x080027bd   Thumb Code    92  stm324xg_eval_sdio_sd.o(i.SD_WaitReadOperation)
    SD_WaitWriteOperation                    0x08002821   Thumb Code    92  stm324xg_eval_sdio_sd.o(i.SD_WaitWriteOperation)
    SD_WriteMultiBlocks                      0x08002885   Thumb Code   248  stm324xg_eval_sdio_sd.o(i.SD_WriteMultiBlocks)
    STM324xG_LCD_Init                        0x08002989   Thumb Code  1036  stm324xg_eval_lcd.o(i.STM324xG_LCD_Init)
    STM_EVAL_LEDInit                         0x08002d99   Thumb Code    62  stm324xg_eval.o(i.STM_EVAL_LEDInit)
    STM_EVAL_LEDToggle                       0x08002de1   Thumb Code    20  stm324xg_eval.o(i.STM_EVAL_LEDToggle)
    STORAGE_GetCapacity                      0x08002dfd   Thumb Code    42  usbd_storage_msd.o(i.STORAGE_GetCapacity)
    STORAGE_GetMaxLun                        0x08002e2d   Thumb Code     4  usbd_storage_msd.o(i.STORAGE_GetMaxLun)
    STORAGE_Init                             0x08002e31   Thumb Code    44  usbd_storage_msd.o(i.STORAGE_Init)
    STORAGE_IsReady                          0x08002e5d   Thumb Code    36  usbd_storage_msd.o(i.STORAGE_IsReady)
    STORAGE_IsWriteProtected                 0x08002e85   Thumb Code     4  usbd_storage_msd.o(i.STORAGE_IsWriteProtected)
    STORAGE_Read                             0x08002e89   Thumb Code    38  usbd_storage_msd.o(i.STORAGE_Read)
    STORAGE_Write                            0x08002eb1   Thumb Code    38  usbd_storage_msd.o(i.STORAGE_Write)
    SVC_Handler                              0x08002ed7   Thumb Code     2  stm32fxxx_it.o(i.SVC_Handler)
    SysTick_Handler                          0x08002f75   Thumb Code     2  stm32fxxx_it.o(i.SysTick_Handler)
    SystemInit                               0x08002f79   Thumb Code    74  system_stm32f4xx.o(i.SystemInit)
    USBD_ClrCfg                              0x08002fd5   Thumb Code    14  usbd_core.o(i.USBD_ClrCfg)
    USBD_CtlContinueRx                       0x08002fe3   Thumb Code    18  usbd_ioreq.o(i.USBD_CtlContinueRx)
    USBD_CtlContinueSendData                 0x08002ff5   Thumb Code    18  usbd_ioreq.o(i.USBD_CtlContinueSendData)
    USBD_CtlError                            0x08003007   Thumb Code    28  usbd_req.o(i.USBD_CtlError)
    USBD_CtlReceiveStatus                    0x08003023   Thumb Code    34  usbd_ioreq.o(i.USBD_CtlReceiveStatus)
    USBD_CtlSendData                         0x08003045   Thumb Code    32  usbd_ioreq.o(i.USBD_CtlSendData)
    USBD_CtlSendStatus                       0x08003065   Thumb Code    34  usbd_ioreq.o(i.USBD_CtlSendStatus)
    USBD_GetRxCount                          0x08003309   Thumb Code    16  usbd_ioreq.o(i.USBD_GetRxCount)
    USBD_GetString                           0x08003319   Thumb Code    74  usbd_req.o(i.USBD_GetString)
    USBD_Init                                0x08003363   Thumb Code    54  usbd_core.o(i.USBD_Init)
    USBD_MSC_DataIn                          0x080033b5   Thumb Code    10  usbd_msc_core.o(i.USBD_MSC_DataIn)
    USBD_MSC_DataOut                         0x080033bf   Thumb Code    10  usbd_msc_core.o(i.USBD_MSC_DataOut)
    USBD_MSC_DeInit                          0x080033c9   Thumb Code    28  usbd_msc_core.o(i.USBD_MSC_DeInit)
    USBD_MSC_GetCfgDesc                      0x080033e5   Thumb Code     8  usbd_msc_core.o(i.USBD_MSC_GetCfgDesc)
    USBD_MSC_GetOtherCfgDesc                 0x080033f1   Thumb Code     8  usbd_msc_core.o(i.USBD_MSC_GetOtherCfgDesc)
    USBD_MSC_Init                            0x080033fd   Thumb Code    44  usbd_msc_core.o(i.USBD_MSC_Init)
    USBD_MSC_Setup                           0x08003429   Thumb Code   188  usbd_msc_core.o(i.USBD_MSC_Setup)
    USBD_OTG_EP1IN_ISR_Handler               0x080034ed   Thumb Code   116  usb_dcd_int.o(i.USBD_OTG_EP1IN_ISR_Handler)
    USBD_OTG_EP1OUT_ISR_Handler              0x08003565   Thumb Code    74  usb_dcd_int.o(i.USBD_OTG_EP1OUT_ISR_Handler)
    USBD_OTG_ISR_Handler                     0x080035b5   Thumb Code   446  usb_dcd_int.o(i.USBD_OTG_ISR_Handler)
    USBD_ParseSetupRequest                   0x0800377d   Thumb Code    68  usbd_req.o(i.USBD_ParseSetupRequest)
    USBD_SetCfg                              0x08003815   Thumb Code    26  usbd_core.o(i.USBD_SetCfg)
    USBD_StdDevReq                           0x0800396d   Thumb Code   236  usbd_req.o(i.USBD_StdDevReq)
    USBD_StdEPReq                            0x08003a5d   Thumb Code   210  usbd_req.o(i.USBD_StdEPReq)
    USBD_StdItfReq                           0x08003b35   Thumb Code    56  usbd_req.o(i.USBD_StdItfReq)
    USBD_USR_ConfigStrDescriptor             0x08003b89   Thumb Code    16  usbd_desc.o(i.USBD_USR_ConfigStrDescriptor)
    USBD_USR_DeviceConfigured                0x08003ba9   Thumb Code    14  usbd_usr.o(i.USBD_USR_DeviceConfigured)
    USBD_USR_DeviceConnected                 0x08003bd9   Thumb Code    14  usbd_usr.o(i.USBD_USR_DeviceConnected)
    USBD_USR_DeviceDescriptor                0x08003c09   Thumb Code     8  usbd_desc.o(i.USBD_USR_DeviceDescriptor)
    USBD_USR_DeviceDisconnected              0x08003c15   Thumb Code    14  usbd_usr.o(i.USBD_USR_DeviceDisconnected)
    USBD_USR_DeviceReset                     0x08003c45   Thumb Code    20  usbd_usr.o(i.USBD_USR_DeviceReset)
    USBD_USR_DeviceResumed                   0x08003cd1   Thumb Code     2  usbd_usr.o(i.USBD_USR_DeviceResumed)
    USBD_USR_DeviceSuspended                 0x08003cd5   Thumb Code    14  usbd_usr.o(i.USBD_USR_DeviceSuspended)
    USBD_USR_Init                            0x08003d05   Thumb Code    76  usbd_usr.o(i.USBD_USR_Init)
    USBD_USR_InterfaceStrDescriptor          0x08003de5   Thumb Code    16  usbd_desc.o(i.USBD_USR_InterfaceStrDescriptor)
    USBD_USR_LangIDStrDescriptor             0x08003e09   Thumb Code     8  usbd_desc.o(i.USBD_USR_LangIDStrDescriptor)
    USBD_USR_ManufacturerStrDescriptor       0x08003e15   Thumb Code    16  usbd_desc.o(i.USBD_USR_ManufacturerStrDescriptor)
    USBD_USR_ProductStrDescriptor            0x08003e3d   Thumb Code    24  usbd_desc.o(i.USBD_USR_ProductStrDescriptor)
    USBD_USR_SerialStrDescriptor             0x08003e89   Thumb Code    24  usbd_desc.o(i.USBD_USR_SerialStrDescriptor)
    USB_OTG_BSP_EnableInterrupt              0x08003ec5   Thumb Code   104  usb_bsp.o(i.USB_OTG_BSP_EnableInterrupt)
    USB_OTG_BSP_Init                         0x08003f2d   Thumb Code   308  usb_bsp.o(i.USB_OTG_BSP_Init)
    USB_OTG_BSP_mDelay                       0x08004075   Thumb Code    10  usb_bsp.o(i.USB_OTG_BSP_mDelay)
    USB_OTG_BSP_uDelay                       0x0800407f   Thumb Code    16  usb_bsp.o(i.USB_OTG_BSP_uDelay)
    USB_OTG_CoreInit                         0x0800408f   Thumb Code   128  usb_core.o(i.USB_OTG_CoreInit)
    USB_OTG_CoreInitDev                      0x08004111   Thumb Code   338  usb_core.o(i.USB_OTG_CoreInitDev)
    USB_OTG_DisableGlobalInt                 0x080042bd   Thumb Code    16  usb_core.o(i.USB_OTG_DisableGlobalInt)
    USB_OTG_EP0Activate                      0x080042cd   Thumb Code    60  usb_core.o(i.USB_OTG_EP0Activate)
    USB_OTG_EP0StartXfer                     0x08004309   Thumb Code   176  usb_core.o(i.USB_OTG_EP0StartXfer)
    USB_OTG_EP0_OutStart                     0x080043b9   Thumb Code    32  usb_core.o(i.USB_OTG_EP0_OutStart)
    USB_OTG_EPActivate                       0x080043dd   Thumb Code   108  usb_core.o(i.USB_OTG_EPActivate)
    USB_OTG_EPClearStall                     0x08004449   Thumb Code    50  usb_core.o(i.USB_OTG_EPClearStall)
    USB_OTG_EPDeactivate                     0x0800447b   Thumb Code    80  usb_core.o(i.USB_OTG_EPDeactivate)
    USB_OTG_EPSetStall                       0x080044cb   Thumb Code    48  usb_core.o(i.USB_OTG_EPSetStall)
    USB_OTG_EPStartXfer                      0x080044fb   Thumb Code   294  usb_core.o(i.USB_OTG_EPStartXfer)
    USB_OTG_EnableDevInt                     0x08004621   Thumb Code    74  usb_core.o(i.USB_OTG_EnableDevInt)
    USB_OTG_EnableGlobalInt                  0x08004671   Thumb Code    16  usb_core.o(i.USB_OTG_EnableGlobalInt)
    USB_OTG_FlushRxFifo                      0x08004681   Thumb Code    54  usb_core.o(i.USB_OTG_FlushRxFifo)
    USB_OTG_FlushTxFifo                      0x080046bd   Thumb Code    62  usb_core.o(i.USB_OTG_FlushTxFifo)
    USB_OTG_GetDeviceSpeed                   0x08004701   Thumb Code    38  usb_core.o(i.USB_OTG_GetDeviceSpeed)
    USB_OTG_InitDevSpeed                     0x08004727   Thumb Code    12  usb_core.o(i.USB_OTG_InitDevSpeed)
    USB_OTG_IsDeviceMode                     0x08004733   Thumb Code    20  usb_core.o(i.USB_OTG_IsDeviceMode)
    USB_OTG_ReadCoreItr                      0x08004747   Thumb Code    10  usb_core.o(i.USB_OTG_ReadCoreItr)
    USB_OTG_ReadDevAllInEPItr                0x08004751   Thumb Code    12  usb_core.o(i.USB_OTG_ReadDevAllInEPItr)
    USB_OTG_ReadDevAllOutEp_itr              0x0800475d   Thumb Code    12  usb_core.o(i.USB_OTG_ReadDevAllOutEp_itr)
    USB_OTG_ReadDevOutEP_itr                 0x08004769   Thumb Code    16  usb_core.o(i.USB_OTG_ReadDevOutEP_itr)
    USB_OTG_ReadPacket                       0x08004779   Thumb Code    32  usb_core.o(i.USB_OTG_ReadPacket)
    USB_OTG_SelectCore                       0x08004799   Thumb Code   196  usb_core.o(i.USB_OTG_SelectCore)
    USB_OTG_SetCurrentMode                   0x08004861   Thumb Code    42  usb_core.o(i.USB_OTG_SetCurrentMode)
    USB_OTG_WritePacket                      0x0800488b   Thumb Code    40  usb_core.o(i.USB_OTG_WritePacket)
    UsageFault_Handler                       0x080048b3   Thumb Code     2  stm32fxxx_it.o(i.UsageFault_Handler)
    __0printf$bare                           0x080048b5   Thumb Code     8  printfb.o(i.__0printf$bare)
    __1printf$bare                           0x080048b5   Thumb Code     0  printfb.o(i.__0printf$bare)
    __2printf                                0x080048b5   Thumb Code     0  printfb.o(i.__0printf$bare)
    __scatterload_copy                       0x080048c5   Thumb Code    14  handlers.o(i.__scatterload_copy)
    __scatterload_null                       0x080048d3   Thumb Code     2  handlers.o(i.__scatterload_null)
    __scatterload_zeroinit                   0x080048d5   Thumb Code    14  handlers.o(i.__scatterload_zeroinit)
    fputc                                    0x08004919   Thumb Code   232  lcd_log.o(i.fputc)
    main                                     0x08004a09   Thumb Code    42  app.o(i.main)
    STORAGE_Inquirydata                      0x08004a44   Data          36  usbd_storage_msd.o(.constdata)
    MSC_Page00_Inquiry_Data                  0x08004a68   Data           7  usbd_msc_data.o(.constdata)
    MSC_Mode_Sense6_data                     0x08004a6f   Data           8  usbd_msc_data.o(.constdata)
    MSC_Mode_Sense10_data                    0x08004a77   Data           8  usbd_msc_data.o(.constdata)
    COM_TX_PIN                               0x08004a80   Data           2  stm324xg_eval.o(.constdata)
    COM_RX_PIN                               0x08004a82   Data           2  stm324xg_eval.o(.constdata)
    COM_TX_PIN_SOURCE                        0x08004a84   Data           2  stm324xg_eval.o(.constdata)
    COM_RX_PIN_SOURCE                        0x08004a86   Data           2  stm324xg_eval.o(.constdata)
    COM_TX_AF                                0x08004a88   Data           2  stm324xg_eval.o(.constdata)
    COM_RX_AF                                0x08004a8a   Data           2  stm324xg_eval.o(.constdata)
    COM_USART_CLK                            0x08004a8c   Data           4  stm324xg_eval.o(.constdata)
    COM_TX_PORT_CLK                          0x08004a90   Data           4  stm324xg_eval.o(.constdata)
    COM_RX_PORT_CLK                          0x08004a94   Data           4  stm324xg_eval.o(.constdata)
    BUTTON_PIN                               0x08004a98   Data           6  stm324xg_eval.o(.constdata)
    BUTTON_EXTI_LINE                         0x08004a9e   Data           6  stm324xg_eval.o(.constdata)
    BUTTON_PORT_SOURCE                       0x08004aa4   Data           6  stm324xg_eval.o(.constdata)
    BUTTON_PIN_SOURCE                        0x08004aaa   Data           6  stm324xg_eval.o(.constdata)
    BUTTON_IRQn                              0x08004ab0   Data           6  stm324xg_eval.o(.constdata)
    GPIO_PIN                                 0x08004ab6   Data           8  stm324xg_eval.o(.constdata)
    GPIO_CLK                                 0x08004ac0   Data          16  stm324xg_eval.o(.constdata)
    BUTTON_CLK                               0x08004ad0   Data          12  stm324xg_eval.o(.constdata)
    ASCII16x24_Table                         0x08004adc   Data        4560  stm324xg_eval_lcd.o(.constdata)
    ASCII12x12_Table                         0x08005cac   Data        2304  stm324xg_eval_lcd.o(.constdata)
    ASCII8x12_Table                          0x080065ac   Data        2304  stm324xg_eval_lcd.o(.constdata)
    Region$$Table$$Base                      0x08006eac   Number         0  anon$$obj.o(Region$$Table)
    Region$$Table$$Limit                     0x08006ecc   Number         0  anon$$obj.o(Region$$Table)
    USR_cb                                   0x20000000   Data          28  usbd_usr.o(.data)
    USBD_MICRO_SDIO_fops                     0x2000001c   Data          32  usbd_storage_msd.o(.data)
    USBD_STORAGE_fops                        0x2000003c   Data           4  usbd_storage_msd.o(.data)
    USR_desc                                 0x20000044   Data          28  usbd_desc.o(.data)
    USBD_LangIDDesc                          0x20000060   Data           4  usbd_desc.o(.data)
    USBD_DeviceDesc                          0x20000064   Data          18  usbd_desc.o(.data)
    USBD_DeviceQualifierDesc                 0x20000078   Data          10  usbd_desc.o(.data)
    USBD_ep_status                           0x20000088   Data           4  usbd_req.o(.data)
    USBD_default_cfg                         0x2000008c   Data           4  usbd_req.o(.data)
    USBD_cfg_status                          0x20000090   Data           4  usbd_req.o(.data)
    USBD_DCD_INT_cb                          0x20000094   Data          44  usbd_core.o(.data)
    USBD_DCD_INT_fops                        0x200000c0   Data           4  usbd_core.o(.data)
    SET_TEST_MODE                            0x200000c4   Data           4  usbd_core.o(.data)
    SCSI_Sense_Head                          0x200000c8   Data           1  usbd_msc_scsi.o(.data)
    SCSI_Sense_Tail                          0x200000c9   Data           1  usbd_msc_scsi.o(.data)
    SCSI_blk_size                            0x200000cc   Data           4  usbd_msc_scsi.o(.data)
    SCSI_blk_nbr                             0x200000d0   Data           4  usbd_msc_scsi.o(.data)
    SCSI_blk_addr                            0x200000d4   Data           4  usbd_msc_scsi.o(.data)
    SCSI_blk_len                             0x200000d8   Data           4  usbd_msc_scsi.o(.data)
    cdev                                     0x200000dc   Data           4  usbd_msc_scsi.o(.data)
    MSC_BOT_State                            0x200000e0   Data           1  usbd_msc_bot.o(.data)
    MSC_BOT_Status                           0x200000e1   Data           1  usbd_msc_bot.o(.data)
    MSC_BOT_DataLen                          0x200000e2   Data           2  usbd_msc_bot.o(.data)
    USBD_MSC_cb                              0x200000e4   Data          48  usbd_msc_core.o(.data)
    USBD_MSC_CfgDesc                         0x2000011c   Data          32  usbd_msc_core.o(.data)
    USBD_MSC_OtherCfgDesc                    0x2000013c   Data          32  usbd_msc_core.o(.data)
    LCD_CacheBuffer_yptr_invert              0x2000015c   Data           1  lcd_log.o(.data)
    LCD_ScrollActive                         0x2000015d   Data           1  lcd_log.o(.data)
    LCD_Lock                                 0x2000015e   Data           1  lcd_log.o(.data)
    LCD_Scrolled                             0x2000015f   Data           1  lcd_log.o(.data)
    LCD_LineColor                            0x20000160   Data           2  lcd_log.o(.data)
    LCD_CacheBuffer_xptr                     0x20000162   Data           2  lcd_log.o(.data)
    LCD_CacheBuffer_yptr_top                 0x20000164   Data           2  lcd_log.o(.data)
    LCD_CacheBuffer_yptr_bottom              0x20000166   Data           2  lcd_log.o(.data)
    LCD_CacheBuffer_yptr_top_bak             0x20000168   Data           2  lcd_log.o(.data)
    LCD_CacheBuffer_yptr_bottom_bak          0x2000016a   Data           2  lcd_log.o(.data)
    LCD_ScrollBackStep                       0x2000016c   Data           2  lcd_log.o(.data)
    TransferError                            0x20000170   Data           1  stm324xg_eval_sdio_sd.o(.data)
    StopCondition                            0x2000017c   Data           4  stm324xg_eval_sdio_sd.o(.data)
    TransferEnd                              0x20000180   Data           4  stm324xg_eval_sdio_sd.o(.data)
    DMAEndOfTransfer                         0x20000184   Data           4  stm324xg_eval_sdio_sd.o(.data)
    COM_USART                                0x20000188   Data           4  stm324xg_eval.o(.data)
    COM_TX_PORT                              0x2000018c   Data           4  stm324xg_eval.o(.data)
    COM_RX_PORT                              0x20000190   Data           4  stm324xg_eval.o(.data)
    NVIC_InitStructure                       0x20000194   Data           4  stm324xg_eval.o(.data)
    GPIO_PORT                                0x20000198   Data          16  stm324xg_eval.o(.data)
    BUTTON_PORT                              0x200001a8   Data          12  stm324xg_eval.o(.data)
    Font16x24                                0x200001bc   Data           8  stm324xg_eval_lcd.o(.data)
    Font12x12                                0x200001c4   Data           8  stm324xg_eval_lcd.o(.data)
    Font8x12                                 0x200001cc   Data           8  stm324xg_eval_lcd.o(.data)
    __stdout                                 0x200001d4   Data           4  stdout.o(.data)
    USB_OTG_dev                              0x200001d8   Data        1524  app.o(.bss)
    USBD_StrDesc                             0x200007cc   Data          64  usbd_req.o(.bss)
    SCSI_Sense                               0x2000080c   Data          32  usbd_msc_scsi.o(.bss)
    MSC_BOT_Data                             0x2000082c   Data        4096  usbd_msc_bot.o(.bss)
    MSC_BOT_cbw                              0x2000182c   Data          32  usbd_msc_bot.o(.bss)
    MSC_BOT_csw                              0x2000184c   Data          16  usbd_msc_bot.o(.bss)
    LCD_CacheBuffer                          0x2000185c   Data         468  lcd_log.o(.bss)
    SDCardInfo                               0x20001a60   Data          88  stm324xg_eval_sdio_sd.o(.bss)
    SDIO_InitStructure                       0x20001ab8   Data          24  stm324xg_eval_sdio_sd.o(.bss)
    SDIO_CmdInitStructure                    0x20001ad0   Data          20  stm324xg_eval_sdio_sd.o(.bss)
    SDIO_DataInitStructure                   0x20001ae4   Data          24  stm324xg_eval_sdio_sd.o(.bss)
    __initial_sp                             0x20001f00   Data           0  startup_stm32f4xx.o(STACK)



==============================================================================

Memory Map of the image

  Image Entry point : 0x08000189

  Load Region LR_IROM1 (Base: 0x08000000, Size: 0x000070a4, Max: 0x00100000, ABSOLUTE, COMPRESSED[0x00006fd4])

    Execution Region ER_IROM1 (Base: 0x08000000, Size: 0x00006ecc, Max: 0x00100000, ABSOLUTE)

    Base Addr    Size         Type   Attr      Idx    E Section Name        Object

    0x08000000   0x00000188   Data   RO         1496    RESET               startup_stm32f4xx.o
    0x08000188   0x00000000   Code   RO         4089  * .ARM.Collect$$$$00000000  mc_w.l(entry.o)
    0x08000188   0x00000004   Code   RO         4360    .ARM.Collect$$$$00000001  mc_w.l(entry2.o)
    0x0800018c   0x00000004   Code   RO         4363    .ARM.Collect$$$$00000004  mc_w.l(entry5.o)
    0x08000190   0x00000000   Code   RO         4365    .ARM.Collect$$$$00000008  mc_w.l(entry7b.o)
    0x08000190   0x00000008   Code   RO         4366    .ARM.Collect$$$$00000009  mc_w.l(entry8.o)
    0x08000198   0x00000004   Code   RO         4361    .ARM.Collect$$$$00002712  mc_w.l(entry2.o)
    0x0800019c   0x00000024   Code   RO         1497    .text               startup_stm32f4xx.o
    0x080001c0   0x00000024   Code   RO         4383    .text               mc_w.l(init.o)
    0x080001e4   0x0000005c   Code   RO         4399    .text               mc_w.l(__dczerorl2.o)
    0x08000240   0x00000002   Code   RO          191    i.BusFault_Handler  stm32fxxx_it.o
    0x08000242   0x00000002   PAD
    0x08000244   0x000000ec   Code   RO         3324    i.CmdResp1Error     stm324xg_eval_sdio_sd.o
    0x08000330   0x00000034   Code   RO         3325    i.CmdResp2Error     stm324xg_eval_sdio_sd.o
    0x08000364   0x00000070   Code   RO         3326    i.CmdResp6Error     stm324xg_eval_sdio_sd.o
    0x080003d4   0x0000002c   Code   RO          865    i.DCD_EP_Close      usb_dcd.o
    0x08000400   0x00000038   Code   RO          866    i.DCD_EP_ClrStall   usb_dcd.o
    0x08000438   0x00000018   Code   RO          867    i.DCD_EP_Flush      usb_dcd.o
    0x08000450   0x0000003c   Code   RO          868    i.DCD_EP_Open       usb_dcd.o
    0x0800048c   0x0000003c   Code   RO          869    i.DCD_EP_PrepareRx  usb_dcd.o
    0x080004c8   0x00000010   Code   RO          870    i.DCD_EP_SetAddress  usb_dcd.o
    0x080004d8   0x00000038   Code   RO          871    i.DCD_EP_Stall      usb_dcd.o
    0x08000510   0x00000036   Code   RO          872    i.DCD_EP_Tx         usb_dcd.o
    0x08000546   0x00000002   PAD
    0x08000548   0x000000cc   Code   RO          581    i.DCD_HandleInEP_ISR  usb_dcd_int.o
    0x08000614   0x000000ac   Code   RO          582    i.DCD_HandleOutEP_ISR  usb_dcd_int.o
    0x080006c0   0x0000007c   Code   RO          583    i.DCD_HandleRxStatusQueueLevel_ISR  usb_dcd_int.o
    0x0800073c   0x00000090   Code   RO          584    i.DCD_HandleUsbReset_ISR  usb_dcd_int.o
    0x080007cc   0x0000008a   Code   RO          874    i.DCD_Init          usb_dcd.o
    0x08000856   0x00000076   Code   RO          585    i.DCD_WriteEmptyTxFifo  usb_dcd_int.o
    0x080008cc   0x0000002c   Code   RO         1728    i.DMA_ClearFlag     stm32f4xx_dma.o
    0x080008f8   0x00000014   Code   RO         1730    i.DMA_Cmd           stm32f4xx_dma.o
    0x0800090c   0x00000124   Code   RO         1731    i.DMA_DeInit        stm32f4xx_dma.o
    0x08000a30   0x00000014   Code   RO         1734    i.DMA_FlowControllerConfig  stm32f4xx_dma.o
    0x08000a44   0x0000002c   Code   RO         1741    i.DMA_ITConfig      stm32f4xx_dma.o
    0x08000a70   0x00000054   Code   RO         1742    i.DMA_Init          stm32f4xx_dma.o
    0x08000ac4   0x00000002   Code   RO          192    i.DebugMon_Handler  stm32fxxx_it.o
    0x08000ac6   0x00000002   PAD
    0x08000ac8   0x00000020   Code   RO         2123    i.FSMC_NORSRAMCmd   stm32f4xx_fsmc.o
    0x08000ae8   0x000000c0   Code   RO         2125    i.FSMC_NORSRAMInit  stm32f4xx_fsmc.o
    0x08000ba8   0x00000134   Code   RO         3327    i.FindSCR           stm324xg_eval_sdio_sd.o
    0x08000cdc   0x0000007c   Code   RO         2241    i.GPIO_Init         stm32f4xx_gpio.o
    0x08000d58   0x00000020   Code   RO         2242    i.GPIO_PinAFConfig  stm32f4xx_gpio.o
    0x08000d78   0x0000000e   Code   RO         2245    i.GPIO_ReadInputDataBit  stm32f4xx_gpio.o
    0x08000d86   0x00000002   Code   RO          193    i.HardFault_Handler  stm32fxxx_it.o
    0x08000d88   0x00000030   Code   RO         3820    i.LCD_Clear         stm324xg_eval_lcd.o
    0x08000db8   0x00000030   Code   RO         3821    i.LCD_ClearLine     stm324xg_eval_lcd.o
    0x08000de8   0x00000160   Code   RO         3824    i.LCD_CtrlLinesConfig  stm324xg_eval_lcd.o
    0x08000f48   0x00000020   Code   RO         3826    i.LCD_DisplayChar   stm324xg_eval_lcd.o
    0x08000f68   0x00000038   Code   RO         3829    i.LCD_DisplayStringLine  stm324xg_eval_lcd.o
    0x08000fa0   0x00000094   Code   RO         3830    i.LCD_DrawChar      stm324xg_eval_lcd.o
    0x08001034   0x00000056   Code   RO         3838    i.LCD_FSMCConfig    stm324xg_eval_lcd.o
    0x0800108a   0x00000002   PAD
    0x0800108c   0x0000000c   Code   RO         3841    i.LCD_GetFont       stm324xg_eval_lcd.o
    0x08001098   0x00000028   Code   RO         1435    i.LCD_LOG_DeInit    lcd_log.o
    0x080010c0   0x00000010   Code   RO         1436    i.LCD_LOG_Init      lcd_log.o
    0x080010d0   0x00000064   Code   RO         1437    i.LCD_LOG_SetFooter  lcd_log.o
    0x08001134   0x00000090   Code   RO         1438    i.LCD_LOG_SetHeader  lcd_log.o
    0x080011c4   0x000000a0   Code   RO         1439    i.LCD_LOG_UpdateDisplay  lcd_log.o
    0x08001264   0x00000014   Code   RO         3847    i.LCD_ReadReg       stm324xg_eval_lcd.o
    0x08001278   0x0000000c   Code   RO         3848    i.LCD_SetBackColor  stm324xg_eval_lcd.o
    0x08001284   0x00000018   Code   RO         3850    i.LCD_SetCursor     stm324xg_eval_lcd.o
    0x0800129c   0x0000000c   Code   RO         3852    i.LCD_SetFont       stm324xg_eval_lcd.o
    0x080012a8   0x0000000c   Code   RO         3853    i.LCD_SetTextColor  stm324xg_eval_lcd.o
    0x080012b4   0x00000014   Code   RO         3858    i.LCD_WriteReg      stm324xg_eval_lcd.o
    0x080012c8   0x00000044   Code   RO         1271    i.MSC_BOT_Abort     usbd_msc_bot.o
    0x0800130c   0x000000b8   Code   RO         1272    i.MSC_BOT_CBW_Decode  usbd_msc_bot.o
    0x080013c4   0x0000002c   Code   RO         1273    i.MSC_BOT_CplClrFeature  usbd_msc_bot.o
    0x080013f0   0x00000040   Code   RO         1274    i.MSC_BOT_DataIn    usbd_msc_bot.o
    0x08001430   0x00000040   Code   RO         1275    i.MSC_BOT_DataOut   usbd_msc_bot.o
    0x08001470   0x0000000c   Code   RO         1276    i.MSC_BOT_DeInit    usbd_msc_bot.o
    0x0800147c   0x00000044   Code   RO         1277    i.MSC_BOT_Init      usbd_msc_bot.o
    0x080014c0   0x0000001c   Code   RO         1278    i.MSC_BOT_Reset     usbd_msc_bot.o
    0x080014dc   0x0000003c   Code   RO         1279    i.MSC_BOT_SendCSW   usbd_msc_bot.o
    0x08001518   0x00000002   Code   RO          194    i.MemManage_Handler  stm32fxxx_it.o
    0x0800151a   0x00000002   Code   RO          195    i.NMI_Handler       stm32fxxx_it.o
    0x0800151c   0x00000064   Code   RO          402    i.NVIC_Init         misc.o
    0x08001580   0x00000014   Code   RO          403    i.NVIC_PriorityGroupConfig  misc.o
    0x08001594   0x0000000c   Code   RO          196    i.OTG_HS_EP1_IN_IRQHandler  stm32fxxx_it.o
    0x080015a0   0x0000000c   Code   RO          197    i.OTG_HS_EP1_OUT_IRQHandler  stm32fxxx_it.o
    0x080015ac   0x0000000c   Code   RO          198    i.OTG_HS_IRQHandler  stm32fxxx_it.o
    0x080015b8   0x00000002   Code   RO          199    i.PendSV_Handler    stm32fxxx_it.o
    0x080015ba   0x00000002   PAD
    0x080015bc   0x00000018   Code   RO         2636    i.RCC_AHB1PeriphClockCmd  stm32f4xx_rcc.o
    0x080015d4   0x00000018   Code   RO         2642    i.RCC_AHB3PeriphClockCmd  stm32f4xx_rcc.o
    0x080015ec   0x00000018   Code   RO         2648    i.RCC_APB2PeriphClockCmd  stm32f4xx_rcc.o
    0x08001604   0x00000018   Code   RO         2650    i.RCC_APB2PeriphResetCmd  stm32f4xx_rcc.o
    0x0800161c   0x00000024   Code   RO         1185    i.SCSI_CheckAddressRange  usbd_msc_scsi.o
    0x08001640   0x00000150   Code   RO         1186    i.SCSI_ProcessCmd   usbd_msc_scsi.o
    0x08001790   0x00000088   Code   RO         1187    i.SCSI_ProcessRead  usbd_msc_scsi.o
    0x08001818   0x0000008c   Code   RO         1188    i.SCSI_ProcessWrite  usbd_msc_scsi.o
    0x080018a4   0x000000a4   Code   RO         1189    i.SCSI_Read10       usbd_msc_scsi.o
    0x08001948   0x00000068   Code   RO         1190    i.SCSI_ReadCapacity10  usbd_msc_scsi.o
    0x080019b0   0x00000070   Code   RO         1191    i.SCSI_ReadFormatCapacity  usbd_msc_scsi.o
    0x08001a20   0x00000068   Code   RO         1192    i.SCSI_RequestSense  usbd_msc_scsi.o
    0x08001a88   0x0000002c   Code   RO         1193    i.SCSI_SenseCode    usbd_msc_scsi.o
    0x08001ab4   0x000000c4   Code   RO         1194    i.SCSI_Write10      usbd_msc_scsi.o
    0x08001b78   0x000000c4   Code   RO         3329    i.SDEnWideBus       stm324xg_eval_sdio_sd.o
    0x08001c3c   0x0000000c   Code   RO         2917    i.SDIO_ClearFlag    stm32f4xx_sdio.o
    0x08001c48   0x0000000c   Code   RO         2918    i.SDIO_ClearITPendingBit  stm32f4xx_sdio.o
    0x08001c54   0x0000000c   Code   RO         2919    i.SDIO_ClockCmd     stm32f4xx_sdio.o
    0x08001c60   0x0000000c   Code   RO         2922    i.SDIO_DMACmd       stm32f4xx_sdio.o
    0x08001c6c   0x00000030   Code   RO         2923    i.SDIO_DataConfig   stm32f4xx_sdio.o
    0x08001c9c   0x00000018   Code   RO         2925    i.SDIO_DeInit       stm32f4xx_sdio.o
    0x08001cb4   0x0000000c   Code   RO         2926    i.SDIO_GetCommandResponse  stm32f4xx_sdio.o
    0x08001cc0   0x00000014   Code   RO         2929    i.SDIO_GetFlagStatus  stm32f4xx_sdio.o
    0x08001cd4   0x00000014   Code   RO         2930    i.SDIO_GetITStatus  stm32f4xx_sdio.o
    0x08001ce8   0x00000010   Code   RO         2931    i.SDIO_GetPowerState  stm32f4xx_sdio.o
    0x08001cf8   0x0000000c   Code   RO         2932    i.SDIO_GetResponse  stm32f4xx_sdio.o
    0x08001d04   0x00000004   Code   RO          200    i.SDIO_IRQHandler   stm32fxxx_it.o
    0x08001d08   0x00000018   Code   RO         2933    i.SDIO_ITConfig     stm32f4xx_sdio.o
    0x08001d20   0x0000002c   Code   RO         2934    i.SDIO_Init         stm32f4xx_sdio.o
    0x08001d4c   0x0000000c   Code   RO         2935    i.SDIO_ReadData     stm32f4xx_sdio.o
    0x08001d58   0x00000028   Code   RO         2937    i.SDIO_SendCommand  stm32f4xx_sdio.o
    0x08001d80   0x0000000c   Code   RO         2939    i.SDIO_SetPowerState  stm32f4xx_sdio.o
    0x08001d8c   0x00000018   Code   RO         3331    i.SD_Detect         stm324xg_eval_sdio_sd.o
    0x08001da4   0x00000074   Code   RO         3332    i.SD_EnableWideBusOperation  stm324xg_eval_sdio_sd.o
    0x08001e18   0x00000294   Code   RO         3334    i.SD_GetCardInfo    stm324xg_eval_sdio_sd.o
    0x080020ac   0x00000022   Code   RO         3336    i.SD_GetState       stm324xg_eval_sdio_sd.o
    0x080020ce   0x0000001a   Code   RO         3337    i.SD_GetStatus      stm324xg_eval_sdio_sd.o
    0x080020e8   0x00000060   Code   RO         3339    i.SD_Init           stm324xg_eval_sdio_sd.o
    0x08002148   0x00000100   Code   RO         3340    i.SD_InitializeCards  stm324xg_eval_sdio_sd.o
    0x08002248   0x00000088   Code   RO         3527    i.SD_LowLevel_DMA_RxConfig  stm324xg_eval.o
    0x080022d0   0x00000088   Code   RO         3528    i.SD_LowLevel_DMA_TxConfig  stm324xg_eval.o
    0x08002358   0x000000c0   Code   RO         3530    i.SD_LowLevel_Init  stm324xg_eval.o
    0x08002418   0x000001bc   Code   RO         3342    i.SD_PowerON        stm324xg_eval_sdio_sd.o
    0x080025d4   0x00000090   Code   RO         3344    i.SD_ProcessIRQSrc  stm324xg_eval_sdio_sd.o
    0x08002664   0x000000bc   Code   RO         3346    i.SD_ReadMultiBlocks  stm324xg_eval_sdio_sd.o
    0x08002720   0x0000002c   Code   RO         3347    i.SD_SelectDeselect  stm324xg_eval_sdio_sd.o
    0x0800274c   0x00000048   Code   RO         3349    i.SD_SendStatus     stm324xg_eval_sdio_sd.o
    0x08002794   0x00000028   Code   RO         3350    i.SD_StopTransfer   stm324xg_eval_sdio_sd.o
    0x080027bc   0x00000064   Code   RO         3351    i.SD_WaitReadOperation  stm324xg_eval_sdio_sd.o
    0x08002820   0x00000064   Code   RO         3352    i.SD_WaitWriteOperation  stm324xg_eval_sdio_sd.o
    0x08002884   0x00000104   Code   RO         3354    i.SD_WriteMultiBlocks  stm324xg_eval_sdio_sd.o
    0x08002988   0x00000410   Code   RO         3860    i.STM324xG_LCD_Init  stm324xg_eval_lcd.o
    0x08002d98   0x00000048   Code   RO         3532    i.STM_EVAL_LEDInit  stm324xg_eval.o
    0x08002de0   0x0000001c   Code   RO         3535    i.STM_EVAL_LEDToggle  stm324xg_eval.o
    0x08002dfc   0x00000030   Code   RO          446    i.STORAGE_GetCapacity  usbd_storage_msd.o
    0x08002e2c   0x00000004   Code   RO          447    i.STORAGE_GetMaxLun  usbd_storage_msd.o
    0x08002e30   0x0000002c   Code   RO          448    i.STORAGE_Init      usbd_storage_msd.o
    0x08002e5c   0x00000028   Code   RO          449    i.STORAGE_IsReady   usbd_storage_msd.o
    0x08002e84   0x00000004   Code   RO          450    i.STORAGE_IsWriteProtected  usbd_storage_msd.o
    0x08002e88   0x00000026   Code   RO          451    i.STORAGE_Read      usbd_storage_msd.o
    0x08002eae   0x00000002   PAD
    0x08002eb0   0x00000026   Code   RO          452    i.STORAGE_Write     usbd_storage_msd.o
    0x08002ed6   0x00000002   Code   RO          201    i.SVC_Handler       stm32fxxx_it.o
    0x08002ed8   0x0000009c   Code   RO         1503    i.SetSysClock       system_stm32f4xx.o
    0x08002f74   0x00000002   Code   RO          202    i.SysTick_Handler   stm32fxxx_it.o
    0x08002f76   0x00000002   PAD
    0x08002f78   0x0000005c   Code   RO         1505    i.SystemInit        system_stm32f4xx.o
    0x08002fd4   0x0000000e   Code   RO         1028    i.USBD_ClrCfg       usbd_core.o
    0x08002fe2   0x00000012   Code   RO         1129    i.USBD_CtlContinueRx  usbd_ioreq.o
    0x08002ff4   0x00000012   Code   RO         1130    i.USBD_CtlContinueSendData  usbd_ioreq.o
    0x08003006   0x0000001c   Code   RO          955    i.USBD_CtlError     usbd_req.o
    0x08003022   0x00000022   Code   RO         1132    i.USBD_CtlReceiveStatus  usbd_ioreq.o
    0x08003044   0x00000020   Code   RO         1133    i.USBD_CtlSendData  usbd_ioreq.o
    0x08003064   0x00000022   Code   RO         1134    i.USBD_CtlSendStatus  usbd_ioreq.o
    0x08003086   0x00000002   PAD
    0x08003088   0x000000b0   Code   RO         1029    i.USBD_DataInStage  usbd_core.o
    0x08003138   0x00000074   Code   RO         1030    i.USBD_DataOutStage  usbd_core.o
    0x080031ac   0x00000016   Code   RO         1032    i.USBD_DevConnected  usbd_core.o
    0x080031c2   0x00000020   Code   RO         1033    i.USBD_DevDisconnected  usbd_core.o
    0x080031e2   0x00000002   PAD
    0x080031e4   0x00000124   Code   RO          956    i.USBD_GetDescriptor  usbd_req.o
    0x08003308   0x00000010   Code   RO         1135    i.USBD_GetRxCount   usbd_ioreq.o
    0x08003318   0x0000004a   Code   RO          957    i.USBD_GetString    usbd_req.o
    0x08003362   0x00000036   Code   RO         1034    i.USBD_Init         usbd_core.o
    0x08003398   0x0000000e   Code   RO         1035    i.USBD_IsoINIncomplete  usbd_core.o
    0x080033a6   0x0000000e   Code   RO         1036    i.USBD_IsoOUTIncomplete  usbd_core.o
    0x080033b4   0x0000000a   Code   RO         1349    i.USBD_MSC_DataIn   usbd_msc_core.o
    0x080033be   0x0000000a   Code   RO         1350    i.USBD_MSC_DataOut  usbd_msc_core.o
    0x080033c8   0x0000001c   Code   RO         1351    i.USBD_MSC_DeInit   usbd_msc_core.o
    0x080033e4   0x0000000c   Code   RO         1352    i.USBD_MSC_GetCfgDesc  usbd_msc_core.o
    0x080033f0   0x0000000c   Code   RO         1353    i.USBD_MSC_GetOtherCfgDesc  usbd_msc_core.o
    0x080033fc   0x0000002c   Code   RO         1354    i.USBD_MSC_Init     usbd_msc_core.o
    0x08003428   0x000000c4   Code   RO         1355    i.USBD_MSC_Setup    usbd_msc_core.o
    0x080034ec   0x00000078   Code   RO          586    i.USBD_OTG_EP1IN_ISR_Handler  usb_dcd_int.o
    0x08003564   0x00000050   Code   RO          587    i.USBD_OTG_EP1OUT_ISR_Handler  usb_dcd_int.o
    0x080035b4   0x000001c8   Code   RO          588    i.USBD_OTG_ISR_Handler  usb_dcd_int.o
    0x0800377c   0x00000044   Code   RO          958    i.USBD_ParseSetupRequest  usbd_req.o
    0x080037c0   0x0000002e   Code   RO         1037    i.USBD_Reset        usbd_core.o
    0x080037ee   0x00000016   Code   RO         1038    i.USBD_Resume       usbd_core.o
    0x08003804   0x00000010   Code   RO         1039    i.USBD_SOF          usbd_core.o
    0x08003814   0x0000001a   Code   RO         1040    i.USBD_SetCfg       usbd_core.o
    0x0800382e   0x00000002   PAD
    0x08003830   0x00000078   Code   RO          959    i.USBD_SetConfig    usbd_req.o
    0x080038a8   0x0000007c   Code   RO          960    i.USBD_SetFeature   usbd_req.o
    0x08003924   0x00000048   Code   RO         1041    i.USBD_SetupStage   usbd_core.o
    0x0800396c   0x000000f0   Code   RO          961    i.USBD_StdDevReq    usbd_req.o
    0x08003a5c   0x000000d8   Code   RO          962    i.USBD_StdEPReq     usbd_req.o
    0x08003b34   0x00000038   Code   RO          963    i.USBD_StdItfReq    usbd_req.o
    0x08003b6c   0x0000001c   Code   RO         1042    i.USBD_Suspend      usbd_core.o
    0x08003b88   0x00000020   Code   RO          513    i.USBD_USR_ConfigStrDescriptor  usbd_desc.o
    0x08003ba8   0x00000030   Code   RO          339    i.USBD_USR_DeviceConfigured  usbd_usr.o
    0x08003bd8   0x00000030   Code   RO          340    i.USBD_USR_DeviceConnected  usbd_usr.o
    0x08003c08   0x0000000c   Code   RO          514    i.USBD_USR_DeviceDescriptor  usbd_desc.o
    0x08003c14   0x00000030   Code   RO          341    i.USBD_USR_DeviceDisconnected  usbd_usr.o
    0x08003c44   0x0000008c   Code   RO          342    i.USBD_USR_DeviceReset  usbd_usr.o
    0x08003cd0   0x00000002   Code   RO          343    i.USBD_USR_DeviceResumed  usbd_usr.o
    0x08003cd2   0x00000002   PAD
    0x08003cd4   0x00000030   Code   RO          344    i.USBD_USR_DeviceSuspended  usbd_usr.o
    0x08003d04   0x000000e0   Code   RO          345    i.USBD_USR_Init     usbd_usr.o
    0x08003de4   0x00000024   Code   RO          515    i.USBD_USR_InterfaceStrDescriptor  usbd_desc.o
    0x08003e08   0x0000000c   Code   RO          516    i.USBD_USR_LangIDStrDescriptor  usbd_desc.o
    0x08003e14   0x00000028   Code   RO          517    i.USBD_USR_ManufacturerStrDescriptor  usbd_desc.o
    0x08003e3c   0x0000004c   Code   RO          518    i.USBD_USR_ProductStrDescriptor  usbd_desc.o
    0x08003e88   0x0000003c   Code   RO          519    i.USBD_USR_SerialStrDescriptor  usbd_desc.o
    0x08003ec4   0x00000068   Code   RO          298    i.USB_OTG_BSP_EnableInterrupt  usb_bsp.o
    0x08003f2c   0x00000148   Code   RO          299    i.USB_OTG_BSP_Init  usb_bsp.o
    0x08004074   0x0000000a   Code   RO          300    i.USB_OTG_BSP_mDelay  usb_bsp.o
    0x0800407e   0x00000010   Code   RO          301    i.USB_OTG_BSP_uDelay  usb_bsp.o
    0x0800408e   0x00000080   Code   RO          643    i.USB_OTG_CoreInit  usb_core.o
    0x0800410e   0x00000002   PAD
    0x08004110   0x00000152   Code   RO          644    i.USB_OTG_CoreInitDev  usb_core.o
    0x08004262   0x00000002   PAD
    0x08004264   0x00000058   Code   RO          645    i.USB_OTG_CoreReset  usb_core.o
    0x080042bc   0x00000010   Code   RO          646    i.USB_OTG_DisableGlobalInt  usb_core.o
    0x080042cc   0x0000003c   Code   RO          647    i.USB_OTG_EP0Activate  usb_core.o
    0x08004308   0x000000b0   Code   RO          648    i.USB_OTG_EP0StartXfer  usb_core.o
    0x080043b8   0x00000024   Code   RO          649    i.USB_OTG_EP0_OutStart  usb_core.o
    0x080043dc   0x0000006c   Code   RO          650    i.USB_OTG_EPActivate  usb_core.o
    0x08004448   0x00000032   Code   RO          651    i.USB_OTG_EPClearStall  usb_core.o
    0x0800447a   0x00000050   Code   RO          652    i.USB_OTG_EPDeactivate  usb_core.o
    0x080044ca   0x00000030   Code   RO          653    i.USB_OTG_EPSetStall  usb_core.o
    0x080044fa   0x00000126   Code   RO          654    i.USB_OTG_EPStartXfer  usb_core.o
    0x08004620   0x00000050   Code   RO          655    i.USB_OTG_EnableDevInt  usb_core.o
    0x08004670   0x00000010   Code   RO          656    i.USB_OTG_EnableGlobalInt  usb_core.o
    0x08004680   0x0000003c   Code   RO          657    i.USB_OTG_FlushRxFifo  usb_core.o
    0x080046bc   0x00000044   Code   RO          658    i.USB_OTG_FlushTxFifo  usb_core.o
    0x08004700   0x00000026   Code   RO          659    i.USB_OTG_GetDeviceSpeed  usb_core.o
    0x08004726   0x0000000c   Code   RO          662    i.USB_OTG_InitDevSpeed  usb_core.o
    0x08004732   0x00000014   Code   RO          663    i.USB_OTG_IsDeviceMode  usb_core.o
    0x08004746   0x0000000a   Code   RO          665    i.USB_OTG_ReadCoreItr  usb_core.o
    0x08004750   0x0000000c   Code   RO          666    i.USB_OTG_ReadDevAllInEPItr  usb_core.o
    0x0800475c   0x0000000c   Code   RO          667    i.USB_OTG_ReadDevAllOutEp_itr  usb_core.o
    0x08004768   0x00000010   Code   RO          668    i.USB_OTG_ReadDevOutEP_itr  usb_core.o
    0x08004778   0x00000020   Code   RO          670    i.USB_OTG_ReadPacket  usb_core.o
    0x08004798   0x000000c8   Code   RO          671    i.USB_OTG_SelectCore  usb_core.o
    0x08004860   0x0000002a   Code   RO          672    i.USB_OTG_SetCurrentMode  usb_core.o
    0x0800488a   0x00000028   Code   RO          676    i.USB_OTG_WritePacket  usb_core.o
    0x080048b2   0x00000002   Code   RO          203    i.UsageFault_Handler  stm32fxxx_it.o
    0x080048b4   0x00000010   Code   RO         4093    i.__0printf$bare    mc_w.l(printfb.o)
    0x080048c4   0x0000000e   Code   RO         4393    i.__scatterload_copy  mc_w.l(handlers.o)
    0x080048d2   0x00000002   Code   RO         4394    i.__scatterload_null  mc_w.l(handlers.o)
    0x080048d4   0x0000000e   Code   RO         4395    i.__scatterload_zeroinit  mc_w.l(handlers.o)
    0x080048e2   0x00000022   Code   RO         4100    i._printf_core      mc_w.l(printfb.o)
    0x08004904   0x00000014   Code   RO         3861    i.delay             stm324xg_eval_lcd.o
    0x08004918   0x000000f0   Code   RO         1440    i.fputc             lcd_log.o
    0x08004a08   0x0000003c   Code   RO            3    i.main              app.o
    0x08004a44   0x00000024   Data   RO          453    .constdata          usbd_storage_msd.o
    0x08004a68   0x00000007   Data   RO         1412    .constdata          usbd_msc_data.o
    0x08004a6f   0x00000008   Data   RO         1413    .constdata          usbd_msc_data.o
    0x08004a77   0x00000008   Data   RO         1414    .constdata          usbd_msc_data.o
    0x08004a7f   0x00000001   PAD
    0x08004a80   0x0000005c   Data   RO         3542    .constdata          stm324xg_eval.o
    0x08004adc   0x000011d0   Data   RO         3862    .constdata          stm324xg_eval_lcd.o
    0x08005cac   0x00000900   Data   RO         3863    .constdata          stm324xg_eval_lcd.o
    0x080065ac   0x00000900   Data   RO         3864    .constdata          stm324xg_eval_lcd.o
    0x08006eac   0x00000020   Data   RO         4391    Region$$Table       anon$$obj.o


    Execution Region RW_IRAM1 (Base: 0x20000000, Size: 0x00001f00, Max: 0x00020000, ABSOLUTE, COMPRESSED[0x00000108])

    Base Addr    Size         Type   Attr      Idx    E Section Name        Object

    0x20000000   0x0000001c   Data   RW          346    .data               usbd_usr.o
    0x2000001c   0x00000020   Data   RW          454    .data               usbd_storage_msd.o
    0x2000003c   0x00000004   Data   RW          455    .data               usbd_storage_msd.o
    0x20000040   0x00000001   Data   RW          457    .data               usbd_storage_msd.o
    0x20000041   0x00000003   PAD
    0x20000044   0x0000001c   Data   RW          520    .data               usbd_desc.o
    0x20000060   0x00000016   Data   RW          521    .data               usbd_desc.o
    0x20000076   0x00000002   PAD
    0x20000078   0x0000000a   Data   RW          522    .data               usbd_desc.o
    0x20000082   0x00000002   PAD
    0x20000084   0x00000010   Data   RW          965    .data               usbd_req.o
    0x20000094   0x0000002c   Data   RW         1043    .data               usbd_core.o
    0x200000c0   0x00000004   Data   RW         1044    .data               usbd_core.o
    0x200000c4   0x00000004   Data   RW         1045    .data               usbd_core.o
    0x200000c8   0x00000018   Data   RW         1196    .data               usbd_msc_scsi.o
    0x200000e0   0x00000004   Data   RW         1281    .data               usbd_msc_bot.o
    0x200000e4   0x00000030   Data   RW         1356    .data               usbd_msc_core.o
    0x20000114   0x00000048   Data   RW         1357    .data               usbd_msc_core.o
    0x2000015c   0x00000012   Data   RW         1442    .data               lcd_log.o
    0x2000016e   0x00000002   PAD
    0x20000170   0x00000018   Data   RW         3357    .data               stm324xg_eval_sdio_sd.o
    0x20000188   0x0000002c   Data   RW         3543    .data               stm324xg_eval.o
    0x200001b4   0x00000010   Data   RW         3866    .data               stm324xg_eval_lcd.o
    0x200001c4   0x00000008   Data   RW         3867    .data               stm324xg_eval_lcd.o
    0x200001cc   0x00000008   Data   RW         3868    .data               stm324xg_eval_lcd.o
    0x200001d4   0x00000004   Data   RW         4367    .data               mc_w.l(stdout.o)
    0x200001d8   0x000005f4   Zero   RW            4    .bss                app.o
    0x200007cc   0x00000040   Zero   RW          964    .bss                usbd_req.o
    0x2000080c   0x00000020   Zero   RW         1195    .bss                usbd_msc_scsi.o
    0x2000082c   0x00001030   Zero   RW         1280    .bss                usbd_msc_bot.o
    0x2000185c   0x000001d4   Zero   RW         1441    .bss                lcd_log.o
    0x20001a30   0x000000cc   Zero   RW         3356    .bss                stm324xg_eval_sdio_sd.o
    0x20001afc   0x00000004   PAD
    0x20001b00   0x00000400   Zero   RW         1494    STACK               startup_stm32f4xx.o


==============================================================================

Image component sizes


      Code (inc. data)   RO Data    RW Data    ZI Data      Debug   Object Name

        60         18          0          0       1524     288744   app.o
       700         34          0         18        468       6825   lcd_log.o
       120         18          0          0          0       1879   misc.o
        36          8        392          0       1024        976   startup_stm32f4xx.o
       564         48         92         44          0       5893   stm324xg_eval.o
      1942         98       9168         32          0      15014   stm324xg_eval_lcd.o
      3508        162          0         24        204      23329   stm324xg_eval_sdio_sd.o
       504         38          0          0          0       6032   stm32f4xx_dma.o
       224          4          0          0          0       2265   stm32f4xx_fsmc.o
       170          0          0          0          0       2899   stm32f4xx_gpio.o
        96         24          0          0          0       2884   stm32f4xx_rcc.o
       332         80          0          0          0      12582   stm32f4xx_sdio.o
        58         18          0          0          0       7639   stm32fxxx_it.o
       248         34          0          0          0       1701   system_stm32f4xx.o
       458         20          0          0          0       2899   usb_bsp.o
      2080         30          0          0          0      22996   usb_core.o
       508          0          0          0          0       7483   usb_dcd.o
      1418         44          0          0          0       9282   usb_dcd_int.o
       652          4          0         52          0      12130   usbd_core.o
       268        156          0         60          0       5912   usbd_desc.o
       152          0          0          0          0       4958   usbd_ioreq.o
       592         82          0          4       4144       9161   usbd_msc_bot.o
       312         16          0        120          0       6486   usbd_msc_core.o
         0          0         23          0          0        961   usbd_msc_data.o
      1372        176          0         24         32      13569   usbd_msc_scsi.o
      1218         56          0         16         64       9501   usbd_req.o
       216         10         36         37          0       6341   usbd_storage_msd.o
       558        404          0         28          0       3929   usbd_usr.o

    ----------------------------------------------------------------------
     18392       1582       9744        468       7464     494270   Object Totals
         0          0         32          0          0          0   (incl. Generated)
        26          0          1          9          4          0   (incl. Padding)

    ----------------------------------------------------------------------

      Code (inc. data)   RO Data    RW Data    ZI Data      Debug   Library Member Name

        92          0          0          0          0          0   __dczerorl2.o
         0          0          0          0          0          0   entry.o
         8          4          0          0          0          0   entry2.o
         4          0          0          0          0          0   entry5.o
         0          0          0          0          0          0   entry7b.o
         8          4          0          0          0          0   entry8.o
        30          0          0          0          0          0   handlers.o
        36          8          0          0          0         68   init.o
        50          8          0          0          0        152   printfb.o
         0          0          0          4          0          0   stdout.o

    ----------------------------------------------------------------------
       228         24          0          4          0        220   Library Totals
         0          0          0          0          0          0   (incl. Padding)

    ----------------------------------------------------------------------

      Code (inc. data)   RO Data    RW Data    ZI Data      Debug   Library Name

       228         24          0          4          0        220   mc_w.l

    ----------------------------------------------------------------------
       228         24          0          4          0        220   Library Totals

    ----------------------------------------------------------------------

==============================================================================


      Code (inc. data)   RO Data    RW Data    ZI Data      Debug   

     18620       1606       9744        472       7464     473138   Grand Totals
     18620       1606       9744        264       7464     473138   ELF Image Totals (compressed)
     18620       1606       9744        264          0          0   ROM Totals

==============================================================================

    Total RO  Size (Code + RO Data)                28364 (  27.70kB)
    Total RW  Size (RW Data + ZI Data)              7936 (   7.75kB)
    Total ROM Size (Code + RO Data + RW Data)      28628 (  27.96kB)

==============================================================================

