<html>
<body>
<pre>
<h1>µVision Build Log</h1>
<h2>Project:</h2>
E:\Mywork\ARM\STM32F4x7\STM32F4x7VGT6-DK-A-CD\Code\STM32_USB-Host-Device_Lib_V2.1.0\Project\USB_Device_Examples\MSC\MDK-ARM\usbd_msc.uvproj
Project File Date:  04/10/2012

<h2>Output:</h2>
Build target 'STM324xG-EVAL_USBD-HS'
compiling app.c...
compiling stm32fxxx_it.c...
compiling usb_bsp.c...
compiling usbd_usr.c...
compiling misc.c...
compiling usbd_storage_msd.c...
compiling usbd_desc.c...
compiling usb_dcd_int.c...
compiling usb_core.c...
compiling usb_dcd.c...
compiling usbd_req.c...
compiling usbd_core.c...
compiling usbd_ioreq.c...
compiling usbd_msc_scsi.c...
compiling usbd_msc_bot.c...
compiling usbd_msc_core.c...
compiling usbd_msc_data.c...
compiling lcd_log.c...
assembling startup_stm32f4xx.s...
compiling system_stm32f4xx.c...
compiling stm32f4xx_usart.c...
compiling stm32f4xx_dma.c...
compiling stm32f4xx_exti.c...
compiling stm32f4xx_flash.c...
compiling stm32f4xx_fsmc.c...
compiling stm32f4xx_gpio.c...
compiling stm32f4xx_i2c.c...
compiling stm32f4xx_pwr.c...
compiling stm32f4xx_rcc.c...
compiling stm32f4xx_sdio.c...
compiling stm32f4xx_spi.c...
compiling stm32f4xx_syscfg.c...
compiling stm324xg_eval_sdio_sd.c...
compiling stm324xg_eval.c...
compiling stm324xg_eval_ioe.c...
compiling stm324xg_eval_lcd.c...
linking...
Program Size: Code=18620 RO-data=9744 RW-data=472 ZI-data=7464  
".\STM324xG-EVAL\STM324xG-EVAL_HS.axf" - 0 Error(s), 0 Warning(s).
